Component: ARM Compiler 5.06 update 6 (build 750) Tool: armlink [4d35ed]

==============================================================================

Section Cross References

    system_stm32f10x.o(i.SetSysClock) refers to system_stm32f10x.o(i.SetSysClockTo72) for SetSysClockTo72
    system_stm32f10x.o(i.SystemCoreClockUpdate) refers to system_stm32f10x.o(.data) for SystemCoreClock
    system_stm32f10x.o(i.SystemInit) refers to system_stm32f10x.o(i.SetSysClock) for SetSysClock
    stm32f10x_it.o(i.BusFault_Handler) refers to usart.o(i.UsartPrintf) for UsartPrintf
    stm32f10x_it.o(i.HardFault_Handler) refers to usart.o(i.UsartPrintf) for UsartPrintf
    stm32f10x_it.o(i.MemManage_Handler) refers to usart.o(i.UsartPrintf) for UsartPrintf
    stm32f10x_it.o(i.UsageFault_Handler) refers to usart.o(i.UsartPrintf) for UsartPrintf
    startup_stm32f10x_hd.o(STACK) refers (Special) to heapauxi.o(.text) for __use_two_region_memory
    startup_stm32f10x_hd.o(HEAP) refers (Special) to heapauxi.o(.text) for __use_two_region_memory
    startup_stm32f10x_hd.o(RESET) refers (Special) to heapauxi.o(.text) for __use_two_region_memory
    startup_stm32f10x_hd.o(RESET) refers to startup_stm32f10x_hd.o(STACK) for __initial_sp
    startup_stm32f10x_hd.o(RESET) refers to startup_stm32f10x_hd.o(.text) for Reset_Handler
    startup_stm32f10x_hd.o(RESET) refers to stm32f10x_it.o(i.NMI_Handler) for NMI_Handler
    startup_stm32f10x_hd.o(RESET) refers to stm32f10x_it.o(i.HardFault_Handler) for HardFault_Handler
    startup_stm32f10x_hd.o(RESET) refers to stm32f10x_it.o(i.MemManage_Handler) for MemManage_Handler
    startup_stm32f10x_hd.o(RESET) refers to stm32f10x_it.o(i.BusFault_Handler) for BusFault_Handler
    startup_stm32f10x_hd.o(RESET) refers to stm32f10x_it.o(i.UsageFault_Handler) for UsageFault_Handler
    startup_stm32f10x_hd.o(RESET) refers to stm32f10x_it.o(i.SVC_Handler) for SVC_Handler
    startup_stm32f10x_hd.o(RESET) refers to stm32f10x_it.o(i.DebugMon_Handler) for DebugMon_Handler
    startup_stm32f10x_hd.o(RESET) refers to stm32f10x_it.o(i.SysTick_Handler) for SysTick_Handler
    startup_stm32f10x_hd.o(RESET) refers to stm32f10x_it.o(i.RTC_IRQHandler) for RTC_IRQHandler
    startup_stm32f10x_hd.o(RESET) refers to stm32f10x_it.o(i.EXTI0_IRQHandler) for EXTI0_IRQHandler
    startup_stm32f10x_hd.o(RESET) refers to usart.o(i.USART1_IRQHandler) for USART1_IRQHandler
    startup_stm32f10x_hd.o(RESET) refers to esp8266.o(i.USART2_IRQHandler) for USART2_IRQHandler
    startup_stm32f10x_hd.o(.text) refers (Special) to heapauxi.o(.text) for __use_two_region_memory
    startup_stm32f10x_hd.o(.text) refers to system_stm32f10x.o(i.SystemInit) for SystemInit
    startup_stm32f10x_hd.o(.text) refers to __main.o(!!!main) for __main
    startup_stm32f10x_hd.o(.text) refers to startup_stm32f10x_hd.o(HEAP) for Heap_Mem
    startup_stm32f10x_hd.o(.text) refers to startup_stm32f10x_hd.o(STACK) for Stack_Mem
    stm32f10x_rcc.o(i.RCC_GetClocksFreq) refers to stm32f10x_rcc.o(.data) for APBAHBPrescTable
    stm32f10x_rcc.o(i.RCC_WaitForHSEStartUp) refers to stm32f10x_rcc.o(i.RCC_GetFlagStatus) for RCC_GetFlagStatus
    stm32f10x_usart.o(i.USART_DeInit) refers to stm32f10x_rcc.o(i.RCC_APB2PeriphResetCmd) for RCC_APB2PeriphResetCmd
    stm32f10x_usart.o(i.USART_DeInit) refers to stm32f10x_rcc.o(i.RCC_APB1PeriphResetCmd) for RCC_APB1PeriphResetCmd
    stm32f10x_usart.o(i.USART_Init) refers to stm32f10x_rcc.o(i.RCC_GetClocksFreq) for RCC_GetClocksFreq
    stm32f10x_gpio.o(i.GPIO_AFIODeInit) refers to stm32f10x_rcc.o(i.RCC_APB2PeriphResetCmd) for RCC_APB2PeriphResetCmd
    stm32f10x_gpio.o(i.GPIO_DeInit) refers to stm32f10x_rcc.o(i.RCC_APB2PeriphResetCmd) for RCC_APB2PeriphResetCmd
    stm32f10x_spi.o(i.I2S_Init) refers to stm32f10x_rcc.o(i.RCC_GetClocksFreq) for RCC_GetClocksFreq
    stm32f10x_spi.o(i.SPI_I2S_DeInit) refers to stm32f10x_rcc.o(i.RCC_APB2PeriphResetCmd) for RCC_APB2PeriphResetCmd
    stm32f10x_spi.o(i.SPI_I2S_DeInit) refers to stm32f10x_rcc.o(i.RCC_APB1PeriphResetCmd) for RCC_APB1PeriphResetCmd
    stm32f10x_adc.o(i.ADC_DeInit) refers to stm32f10x_rcc.o(i.RCC_APB2PeriphResetCmd) for RCC_APB2PeriphResetCmd
    delay.o(i.DelayMs) refers to delay.o(i.DelayXms) for DelayXms
    delay.o(i.DelayUs) refers to delay.o(.data) for UsCount
    delay.o(i.DelayXms) refers to delay.o(.data) for MsCount
    delay.o(i.Delay_Init) refers to delay.o(.data) for UsCount
    usart.o(i.USART1_IRQHandler) refers to stm32f10x_usart.o(i.USART_GetITStatus) for USART_GetITStatus
    usart.o(i.USART1_IRQHandler) refers to stm32f10x_usart.o(i.USART_ClearFlag) for USART_ClearFlag
    usart.o(i.Usart1_Init) refers to stm32f10x_rcc.o(i.RCC_APB2PeriphClockCmd) for RCC_APB2PeriphClockCmd
    usart.o(i.Usart1_Init) refers to stm32f10x_gpio.o(i.GPIO_Init) for GPIO_Init
    usart.o(i.Usart1_Init) refers to stm32f10x_usart.o(i.USART_Init) for USART_Init
[...]
    __rt_lib_init_heap_2                     0x08000237   Thumb Code     0  libinit2.o(.ARM.Collect$$libinit$$00000005)
    __rt_lib_init_preinit_1                  0x08000237   Thumb Code     0  libinit2.o(.ARM.Collect$$libinit$$00000004)
    __rt_lib_init_heap_1                     0x0800023f   Thumb Code     0  libinit2.o(.ARM.Collect$$libinit$$0000000A)
    __rt_lib_init_lc_common                  0x0800023f   Thumb Code     0  libinit2.o(.ARM.Collect$$libinit$$0000000F)
    __rt_lib_init_rand_1                     0x0800023f   Thumb Code     0  libinit2.o(.ARM.Collect$$libinit$$0000000E)
    __rt_lib_init_user_alloc_1               0x0800023f   Thumb Code     0  libinit2.o(.ARM.Collect$$libinit$$0000000C)
    __rt_lib_init_lc_collate_1               0x08000245   Thumb Code     0  libinit2.o(.ARM.Collect$$libinit$$00000011)
    __rt_lib_init_lc_ctype_2                 0x08000245   Thumb Code     0  libinit2.o(.ARM.Collect$$libinit$$00000012)
    __rt_lib_init_lc_ctype_1                 0x08000251   Thumb Code     0  libinit2.o(.ARM.Collect$$libinit$$00000013)
    __rt_lib_init_lc_monetary_1              0x08000251   Thumb Code     0  libinit2.o(.ARM.Collect$$libinit$$00000015)
    __rt_lib_init_lc_numeric_2               0x08000251   Thumb Code     0  libinit2.o(.ARM.Collect$$libinit$$00000016)
    __rt_lib_init_alloca_1                   0x0800025b   Thumb Code     0  libinit2.o(.ARM.Collect$$libinit$$0000002E)
    __rt_lib_init_argv_1                     0x0800025b   Thumb Code     0  libinit2.o(.ARM.Collect$$libinit$$0000002C)
    __rt_lib_init_atexit_1                   0x0800025b   Thumb Code     0  libinit2.o(.ARM.Collect$$libinit$$0000001B)
    __rt_lib_init_clock_1                    0x0800025b   Thumb Code     0  libinit2.o(.ARM.Collect$$libinit$$00000021)
    __rt_lib_init_cpp_1                      0x0800025b   Thumb Code     0  libinit2.o(.ARM.Collect$$libinit$$00000032)
    __rt_lib_init_exceptions_1               0x0800025b   Thumb Code     0  libinit2.o(.ARM.Collect$$libinit$$00000030)
    __rt_lib_init_fp_trap_1                  0x0800025b   Thumb Code     0  libinit2.o(.ARM.Collect$$libinit$$0000001F)
    __rt_lib_init_getenv_1                   0x0800025b   Thumb Code     0  libinit2.o(.ARM.Collect$$libinit$$00000023)
    __rt_lib_init_lc_numeric_1               0x0800025b   Thumb Code     0  libinit2.o(.ARM.Collect$$libinit$$00000017)
    __rt_lib_init_lc_time_1                  0x0800025b   Thumb Code     0  libinit2.o(.ARM.Collect$$libinit$$00000019)
    __rt_lib_init_return                     0x0800025b   Thumb Code     0  libinit2.o(.ARM.Collect$$libinit$$00000033)
    __rt_lib_init_signal_1                   0x0800025b   Thumb Code     0  libinit2.o(.ARM.Collect$$libinit$$0000001D)
    __rt_lib_init_stdio_1                    0x0800025b   Thumb Code     0  libinit2.o(.ARM.Collect$$libinit$$00000025)
    __rt_lib_shutdown                        0x0800025d   Thumb Code     0  libshutdown.o(.ARM.Collect$$libshutdown$$00000000)
    __rt_lib_shutdown_cpp_1                  0x0800025f   Thumb Code     0  libshutdown2.o(.ARM.Collect$$libshutdown$$00000002)
    __rt_lib_shutdown_fp_trap_1              0x0800025f   Thumb Code     0  libshutdown2.o(.ARM.Collect$$libshutdown$$00000007)
    __rt_lib_shutdown_heap_1                 0x0800025f   Thumb Code     0  libshutdown2.o(.ARM.Collect$$libshutdown$$0000000F)
    __rt_lib_shutdown_return                 0x0800025f   Thumb Code     0  libshutdown2.o(.ARM.Collect$$libshutdown$$00000010)
    __rt_lib_shutdown_signal_1               0x0800025f   Thumb Code     0  libshutdown2.o(.ARM.Collect$$libshutdown$$0000000A)
    __rt_lib_shutdown_stdio_1                0x0800025f   Thumb Code     0  libshutdown2.o(.ARM.Collect$$libshutdown$$00000004)
    __rt_lib_shutdown_user_alloc_1           0x0800025f   Thumb Code     0  libshutdown2.o(.ARM.Collect$$libshutdown$$0000000C)
    __rt_entry                               0x08000261   Thumb Code     0  __rtentry.o(.ARM.Collect$$rtentry$$00000000)
    __rt_entry_presh_1                       0x08000261   Thumb Code     0  __rtentry2.o(.ARM.Collect$$rtentry$$00000002)
    __rt_entry_sh                            0x08000261   Thumb Code     0  __rtentry4.o(.ARM.Collect$$rtentry$$00000004)
    __rt_entry_li                            0x08000267   Thumb Code     0  __rtentry2.o(.ARM.Collect$$rtentry$$0000000A)
    __rt_entry_postsh_1                      0x08000267   Thumb Code     0  __rtentry2.o(.ARM.Collect$$rtentry$$00000009)
    __rt_entry_main                          0x0800026b   Thumb Code     0  __rtentry2.o(.ARM.Collect$$rtentry$$0000000D)
    __rt_entry_postli_1                      0x0800026b   Thumb Code     0  __rtentry2.o(.ARM.Collect$$rtentry$$0000000C)
    __rt_exit                                0x08000273   Thumb Code     0  rtexit.o(.ARM.Collect$$rtexit$$00000000)
    __rt_exit_ls                             0x08000275   Thumb Code     0  rtexit2.o(.ARM.Collect$$rtexit$$00000003)
    __rt_exit_prels_1                        0x08000275   Thumb Code     0  rtexit2.o(.ARM.Collect$$rtexit$$00000002)
    __rt_exit_exit                           0x08000279   Thumb Code     0  rtexit2.o(.ARM.Collect$$rtexit$$00000004)
    Reset_Handler                            0x08000281   Thumb Code     8  startup_stm32f10x_hd.o(.text)
    _maybe_terminate_alloc                   0x08000281   Thumb Code     0  maybetermalloc1.o(.emb_text)
    PendSV_Handler                           0x08000297   Thumb Code     2  startup_stm32f10x_hd.o(.text)
    ADC1_2_IRQHandler                        0x0800029b   Thumb Code     0  startup_stm32f10x_hd.o(.text)
    ADC3_IRQHandler                          0x0800029b   Thumb Code     0  startup_stm32f10x_hd.o(.text)
    CAN1_RX1_IRQHandler                      0x0800029b   Thumb Code     0  startup_stm32f10x_hd.o(.text)
    CAN1_SCE_IRQHandler                      0x0800029b   Thumb Code     0  startup_stm32f10x_hd.o(.text)
    DMA1_Channel1_IRQHandler                 0x0800029b   Thumb Code     0  startup_stm32f10x_hd.o(.text)
    DMA1_Channel2_IRQHandler                 0x0800029b   Thumb Code     0  startup_stm32f10x_hd.o(.text)
    DMA1_Channel3_IRQHandler                 0x0800029b   Thumb Code     0  startup_stm32f10x_hd.o(.text)
    DMA1_Channel4_IRQHandler                 0x0800029b   Thumb Code     0  startup_stm32f10x_hd.o(.text)
    DMA1_Channel5_IRQHandler                 0x0800029b   Thumb Code     0  startup_stm32f10x_hd.o(.text)
    DMA1_Channel6_IRQHandler                 0x0800029b   Thumb Code     0  startup_stm32f10x_hd.o(.text)
    DMA1_Channel7_IRQHandler                 0x0800029b   Thumb Code     0  startup_stm32f10x_hd.o(.text)
    DMA2_Channel1_IRQHandler                 0x0800029b   Thumb Code     0  startup_stm32f10x_hd.o(.text)
    DMA2_Channel2_IRQHandler                 0x0800029b   Thumb Code     0  startup_stm32f10x_hd.o(.text)
    DMA2_Channel3_IRQHandler                 0x0800029b   Thumb Code     0  startup_stm32f10x_hd.o(.text)
    DMA2_Channel4_5_IRQHandler               0x0800029b   Thumb Code     0  startup_stm32f10x_hd.o(.text)
    EXTI15_10_IRQHandler                     0x0800029b   Thumb Code     0  startup_stm32f10x_hd.o(.text)
    EXTI1_IRQHandler                         0x0800029b   Thumb Code     0  startup_stm32f10x_hd.o(.text)
    EXTI2_IRQHandler                         0x0800029b   Thumb Code     0  startup_stm32f10x_hd.o(.text)
    EXTI3_IRQHandler                         0x0800029b   Thumb Code     0  startup_stm32f10x_hd.o(.text)
    EXTI4_IRQHandler                         0x0800029b   Thumb Code     0  startup_stm32f10x_hd.o(.text)
    EXTI9_5_IRQHandler                       0x0800029b   Thumb Code     0  startup_stm32f10x_hd.o(.text)
    FLASH_IRQHandler                         0x0800029b   Thumb Code     0  startup_stm32f10x_hd.o(.text)
    FSMC_IRQHandler                          0x0800029b   Thumb Code     0  startup_stm32f10x_hd.o(.text)
    I2C1_ER_IRQHandler                       0x0800029b   Thumb Code     0  startup_stm32f10x_hd.o(.text)
    I2C1_EV_IRQHandler                       0x0800029b   Thumb Code     0  startup_stm32f10x_hd.o(.text)
    I2C2_ER_IRQHandler                       0x0800029b   Thumb Code     0  startup_stm32f10x_hd.o(.text)
    I2C2_EV_IRQHandler                       0x0800029b   Thumb Code     0  startup_stm32f10x_hd.o(.text)
    PVD_IRQHandler                           0x0800029b   Thumb Code     0  startup_stm32f10x_hd.o(.text)
    RCC_IRQHandler                           0x0800029b   Thumb Code     0  startup_stm32f10x_hd.o(.text)
    RTCAlarm_IRQHandler                      0x0800029b   Thumb Code     0  startup_stm32f10x_hd.o(.text)
    SDIO_IRQHandler                          0x0800029b   Thumb Code     0  startup_stm32f10x_hd.o(.text)
    SPI1_IRQHandler                          0x0800029b   Thumb Code     0  startup_stm32f10x_hd.o(.text)
    SPI2_IRQHandler                          0x0800029b   Thumb Code     0  startup_stm32f10x_hd.o(.text)
    SPI3_IRQHandler                          0x0800029b   Thumb Code     0  startup_stm32f10x_hd.o(.text)
    TAMPER_IRQHandler                        0x0800029b   Thumb Code     0  startup_stm32f10x_hd.o(.text)
    TIM1_BRK_IRQHandler                      0x0800029b   Thumb Code     0  startup_stm32f10x_hd.o(.text)
    TIM1_CC_IRQHandler                       0x0800029b   Thumb Code     0  startup_stm32f10x_hd.o(.text)
    TIM1_TRG_COM_IRQHandler                  0x0800029b   Thumb Code     0  startup_stm32f10x_hd.o(.text)
    TIM1_UP_IRQHandler                       0x0800029b   Thumb Code     0  startup_stm32f10x_hd.o(.text)
    TIM2_IRQHandler                          0x0800029b   Thumb Code     0  startup_stm32f10x_hd.o(.text)
    TIM3_IRQHandler                          0x0800029b   Thumb Code     0  startup_stm32f10x_hd.o(.text)
    TIM4_IRQHandler                          0x0800029b   Thumb Code     0  startup_stm32f10x_hd.o(.text)
    TIM5_IRQHandler                          0x0800029b   Thumb Code     0  startup_stm32f10x_hd.o(.text)
    TIM6_IRQHandler                          0x0800029b   Thumb Code     0  startup_stm32f10x_hd.o(.text)
    TIM7_IRQHandler                          0x0800029b   Thumb Code     0  startup_stm32f10x_hd.o(.text)
    TIM8_BRK_IRQHandler                      0x0800029b   Thumb Code     0  startup_stm32f10x_hd.o(.text)
    TIM8_CC_IRQHandler                       0x0800029b   Thumb Code     0  startup_stm32f10x_hd.o(.text)
    TIM8_TRG_COM_IRQHandler                  0x0800029b   Thumb Code     0  startup_stm32f10x_hd.o(.text)
    TIM8_UP_IRQHandler                       0x0800029b   Thumb Code     0  startup_stm32f10x_hd.o(.text)
    UART4_IRQHandler                         0x0800029b   Thumb Code     0  startup_stm32f10x_hd.o(.text)
    UART5_IRQHandler                         0x0800029b   Thumb Code     0  startup_stm32f10x_hd.o(.text)
    USART3_IRQHandler                        0x0800029b   Thumb Code     0  startup_stm32f10x_hd.o(.text)
    USBWakeUp_IRQHandler                     0x0800029b   Thumb Code     0  startup_stm32f10x_hd.o(.text)
    USB_HP_CAN1_TX_IRQHandler                0x0800029b   Thumb Code     0  startup_stm32f10x_hd.o(.text)
    USB_LP_CAN1_RX0_IRQHandler               0x0800029b   Thumb Code     0  startup_stm32f10x_hd.o(.text)
    WWDG_IRQHandler                          0x0800029b   Thumb Code     0  startup_stm32f10x_hd.o(.text)
    __user_initial_stackheap                 0x0800029d   Thumb Code     0  startup_stm32f10x_hd.o(.text)
    malloc                                   0x080002c1   Thumb Code    94  h1_alloc.o(.text)
    free                                     0x0800031f   Thumb Code    78  h1_free.o(.text)
    __c89vsnprintf                           0x0800036d   Thumb Code    48  c89vsnprintf.o(.text)
    __2sprintf                               0x080003a1   Thumb Code    38  __2sprintf.o(.text)
    _printf_int_dec                          0x080003cd   Thumb Code   104  _printf_dec.o(.text)
    __printf                                 0x08000445   Thumb Code   388  __printf_flags_ss_wp.o(.text)
    atoi                                     0x080005cd   Thumb Code    26  atoi.o(.text)
    strchr                                   0x080005e7   Thumb Code    20  strchr.o(.text)
    strncat                                  0x080005fb   Thumb Code    36  strncat.o(.text)
    strstr                                   0x0800061f   Thumb Code    36  strstr.o(.text)
    strlen                                   0x08000643   Thumb Code    62  strlen.o(.text)
    strcat                                   0x08000681   Thumb Code    24  strcat.o(.text)
    __aeabi_memcpy                           0x08000699   Thumb Code     0  rt_memcpy_v6.o(.text)
    __rt_memcpy                              0x08000699   Thumb Code   138  rt_memcpy_v6.o(.text)
    _memcpy_lastbytes                        0x080006ff   Thumb Code     0  rt_memcpy_v6.o(.text)
    __aeabi_memclr                           0x08000723   Thumb Code     0  rt_memclr.o(.text)
    __rt_memclr                              0x08000723   Thumb Code    68  rt_memclr.o(.text)
    _memset                                  0x08000727   Thumb Code     0  rt_memclr.o(.text)
    __aeabi_memclr4                          0x08000767   Thumb Code     0  rt_memclr_w.o(.text)
    __aeabi_memclr8                          0x08000767   Thumb Code     0  rt_memclr_w.o(.text)
    __rt_memclr_w                            0x08000767   Thumb Code    78  rt_memclr_w.o(.text)
    _memset_w                                0x0800076b   Thumb Code     0  rt_memclr_w.o(.text)
    __use_two_region_memory                  0x080007b5   Thumb Code     2  heapauxi.o(.text)
    __rt_heap_escrow                         0x080007b7   Thumb Code     2  heapauxi.o(.text)
    __rt_heap_expand                         0x080007b9   Thumb Code     2  heapauxi.o(.text)
    __rt_heap_descriptor                     0x080007bd   Thumb Code     8  rt_heap_descriptor_intlibspace.o(.text)
    __aeabi_errno_addr                       0x080007c5   Thumb Code     8  rt_errno_addr_intlibspace.o(.text)
    __errno$intlibspace                      0x080007c5   Thumb Code     0  rt_errno_addr_intlibspace.o(.text)
    __rt_errno_addr$intlibspace              0x080007c5   Thumb Code     0  rt_errno_addr_intlibspace.o(.text)
    __use_no_heap                            0x080007cd   Thumb Code     2  hguard.o(.text)
    __heap$guard                             0x080007cf   Thumb Code     2  hguard.o(.text)
    _terminate_user_alloc                    0x080007d1   Thumb Code     2  init_alloc.o(.text)
    _init_user_alloc                         0x080007d3   Thumb Code     2  init_alloc.o(.text)
    __Heap_Full                              0x080007d5   Thumb Code    34  init_alloc.o(.text)
    __Heap_Broken                            0x080007f7   Thumb Code     6  init_alloc.o(.text)
    _init_alloc                              0x080007fd   Thumb Code    94  init_alloc.o(.text)
    __Heap_Initialize                        0x0800085b   Thumb Code    10  h1_init.o(.text)
    __Heap_DescSize                          0x08000865   Thumb Code     4  h1_init.o(.text)
    __read_errno                             0x08000869   Thumb Code    10  _rserrno.o(.text)
    __set_errno                              0x08000873   Thumb Code    12  _rserrno.o(.text)
    _printf_pre_padding                      0x0800087f   Thumb Code    44  _printf_pad.o(.text)
    _printf_post_padding                     0x080008ab   Thumb Code    34  _printf_pad.o(.text)
    _printf_truncate_signed                  0x080008cd   Thumb Code    18  _printf_truncate.o(.text)
    _printf_truncate_unsigned                0x080008df   Thumb Code    18  _printf_truncate.o(.text)
    _printf_str                              0x080008f1   Thumb Code    82  _printf_str.o(.text)
    _printf_int_common                       0x08000943   Thumb Code   178  _printf_intcommon.o(.text)
    _printf_charcount                        0x080009f5   Thumb Code    40  _printf_charcount.o(.text)
    __lib_sel_fp_printf                      0x08000a1d   Thumb Code     2  _printf_fp_dec.o(.text)
    _printf_fp_dec_real                      0x08000bcf   Thumb Code   620  _printf_fp_dec.o(.text)
    _printf_char_common                      0x08000e47   Thumb Code    32  _printf_char_common.o(.text)
    _sputc                                   0x08000e6d   Thumb Code    10  _sputc.o(.text)
    _snputc                                  0x08000e77   Thumb Code    16  _snputc.o(.text)
    _printf_wctomb                           0x08000e89   Thumb Code   182  _printf_wctomb.o(.text)
    _printf_longlong_dec                     0x08000f45   Thumb Code   108  _printf_longlong_dec.o(.text)
    _printf_longlong_oct                     0x08000fc1   Thumb Code    66  _printf_oct_int_ll.o(.text)
    _printf_int_oct                          0x08001003   Thumb Code    24  _printf_oct_int_ll.o(.text)
    _printf_ll_oct                           0x0800101b   Thumb Code    12  _printf_oct_int_ll.o(.text)
    _printf_longlong_hex                     0x08001031   Thumb Code    86  _printf_hex_int_ll_ptr.o(.text)
    _printf_int_hex                          0x08001087   Thumb Code    28  _printf_hex_int_ll_ptr.o(.text)
    _printf_ll_hex                           0x080010a3   Thumb Code    12  _printf_hex_int_ll_ptr.o(.text)
    _printf_hex_ptr                          0x080010af   Thumb Code    18  _printf_hex_int_ll_ptr.o(.text)
    strtol                                   0x080010c5   Thumb Code   112  strtol.o(.text)
    __aeabi_memcpy4                          0x08001135   Thumb Code     0  rt_memcpy_w.o(.text)
    __aeabi_memcpy8                          0x08001135   Thumb Code     0  rt_memcpy_w.o(.text)
    __rt_memcpy_w                            0x08001135   Thumb Code   100  rt_memcpy_w.o(.text)
    _memcpy_lastbytes_aligned                0x0800117d   Thumb Code     0  rt_memcpy_w.o(.text)
    __user_libspace                          0x08001199   Thumb Code     8  libspace.o(.text)
    __user_perproc_libspace                  0x08001199   Thumb Code     0  libspace.o(.text)
    __user_perthread_libspace                0x08001199   Thumb Code     0  libspace.o(.text)
    __rt_ctype_table                         0x080011a1   Thumb Code    16  rt_ctype_table.o(.text)
    __rt_locale                              0x080011b1   Thumb Code     8  rt_locale_intlibspace.o(.text)
    __Heap_ProvideMemory                     0x080011b9   Thumb Code    52  h1_extend.o(.text)
    _ll_udiv10                               0x080011ed   Thumb Code   138  lludiv10.o(.text)
    _printf_fp_infnan                        0x08001279   Thumb Code   112  _printf_fp_infnan.o(.text)
    _printf_cs_common                        0x080012f9   Thumb Code    20  _printf_char.o(.text)
    _printf_char                             0x0800130d   Thumb Code    16  _printf_char.o(.text)
    _printf_string                           0x0800131d   Thumb Code     8  _printf_char.o(.text)
    _printf_lcs_common                       0x08001325   Thumb Code    20  _printf_wchar.o(.text)
    _printf_wchar                            0x08001339   Thumb Code    16  _printf_wchar.o(.text)
    _printf_wstring                          0x08001349   Thumb Code     8  _printf_wchar.o(.text)
    _strtoul                                 0x08001351   Thumb Code   158  _strtoul.o(.text)
    _btod_etento                             0x080013f1   Thumb Code   224  bigflt0.o(.text)
    _wcrtomb                                 0x080014d5   Thumb Code    64  _wcrtomb.o(.text)
    __rt_SIGRTMEM                            0x08001515   Thumb Code    14  defsig_rtmem_outer.o(.text)
    __I$use$semihosting                      0x08001523   Thumb Code     0  use_no_semi.o(.text)
    __use_no_semihosting_swi                 0x08001523   Thumb Code     2  use_no_semi.o(.text)
    __semihosting_library_function           0x08001525   Thumb Code     0  indicate_semi.o(.text)
    __user_setup_stackheap                   0x08001525   Thumb Code    74  sys_stackheap_outer.o(.text)
    _chval                                   0x0800156f   Thumb Code    28  _chval.o(.text)
    exit                                     0x0800158b   Thumb Code    18  exit.o(.text)
    __sig_exit                               0x0800159d   Thumb Code    10  defsig_exit.o(.text)
    __rt_SIGRTMEM_inner                      0x080015a9   Thumb Code    22  defsig_rtmem_inner.o(.text)
    strcmp                                   0x080015f9   Thumb Code   128  strcmpv7m.o(.text)
    _sys_exit                                0x08001679   Thumb Code     8  sys_exit.o(.text)
    __default_signal_display                 0x08001685   Thumb Code    50  defsig_general.o(.text)
    _ttywrch                                 0x080016b7   Thumb Code    14  sys_wrch.o(.text)
    _btod_d2e                                0x080016c5   Thumb Code    62  btod.o(CL$$btod_d2e)
    _d2e_denorm_low                          0x08001703   Thumb Code    70  btod.o(CL$$btod_d2e_denorm_low)
    _d2e_norm_op1                            0x08001749   Thumb Code    96  btod.o(CL$$btod_d2e_norm_op1)
    __btod_div_common                        0x080017a9   Thumb Code   696  btod.o(CL$$btod_div_common)
    _e2e                                     0x08001ae1   Thumb Code   220  btod.o(CL$$btod_e2e)
    _btod_ediv                               0x08001bbd   Thumb Code    42  btod.o(CL$$btod_ediv)
    _btod_emul                               0x08001be7   Thumb Code    42  btod.o(CL$$btod_emul)
    __btod_mult_common                       0x08001c11   Thumb Code   580  btod.o(CL$$btod_mult_common)
    ADC_Cmd                                  0x08001e55   Thumb Code    22  stm32f10x_adc.o(i.ADC_Cmd)
    ADC_DeInit                               0x08001e6d   Thumb Code    78  stm32f10x_adc.o(i.ADC_DeInit)
    ADC_GetCalibrationStatus                 0x08001ec9   Thumb Code    20  stm32f10x_adc.o(i.ADC_GetCalibrationStatus)
    ADC_GetConversionValue                   0x08001edd   Thumb Code     8  stm32f10x_adc.o(i.ADC_GetConversionValue)
    ADC_GetFlagStatus                        0x08001ee5   Thumb Code    18  stm32f10x_adc.o(i.ADC_GetFlagStatus)
    ADC_GetResetCalibrationStatus            0x08001ef7   Thumb Code    20  stm32f10x_adc.o(i.ADC_GetResetCalibrationStatus)
    ADC_Init                                 0x08001f0d   Thumb Code    70  stm32f10x_adc.o(i.ADC_Init)
    ADC_RegularChannelConfig                 0x08001f5d   Thumb Code   184  stm32f10x_adc.o(i.ADC_RegularChannelConfig)
    ADC_ResetCalibration                     0x08002015   Thumb Code    10  stm32f10x_adc.o(i.ADC_ResetCalibration)
    ADC_SoftwareStartConvCmd                 0x0800201f   Thumb Code    22  stm32f10x_adc.o(i.ADC_SoftwareStartConvCmd)
    ADC_StartCalibration                     0x08002035   Thumb Code    10  stm32f10x_adc.o(i.ADC_StartCalibration)
    ADC_TempSensorVrefintCmd                 0x08002041   Thumb Code    30  stm32f10x_adc.o(i.ADC_TempSensorVrefintCmd)
    ADCx_GetValue                            0x08002065   Thumb Code    48  adc.o(i.ADCx_GetValue)
    ADCx_GetValueTimes                       0x08002095   Thumb Code    82  adc.o(i.ADCx_GetValueTimes)
    ADCx_GetVoltag                           0x080020e9   Thumb Code    66  adc.o(i.ADCx_GetVoltag)
    ADCx_Init                                0x08002131   Thumb Code   162  adc.o(i.ADCx_Init)
    ADXL362_GetRegisterValue                 0x080021dd   Thumb Code    78  adxl362.o(i.ADXL362_GetRegisterValue)
    ADXL362_GetValue                         0x0800222d   Thumb Code   220  adxl362.o(i.ADXL362_GetValue)
    ADXL362_GetXyz                           0x0800231d   Thumb Code    74  adxl362.o(i.ADXL362_GetXyz)
    ADXL362_Init                             0x08002369   Thumb Code    56  adxl362.o(i.ADXL362_Init)
    ADXL362_SetPowerMode                     0x080023a5   Thumb Code    46  adxl362.o(i.ADXL362_SetPowerMode)
    ADXL362_SetRegisterValue                 0x080023d3   Thumb Code    48  adxl362.o(i.ADXL362_SetRegisterValue)
    Beep_Init                                0x08002405   Thumb Code    60  beep.o(i.Beep_Init)
    Beep_Set                                 0x08002449   Thumb Code    20  beep.o(i.Beep_Set)
    BusFault_Handler                         0x08002465   Thumb Code    12  stm32f10x_it.o(i.BusFault_Handler)
    DebugMon_Handler                         0x080024b1   Thumb Code     2  stm32f10x_it.o(i.DebugMon_Handler)
    DelayUs                                  0x080024b5   Thumb Code    60  delay.o(i.DelayUs)
    DelayXms                                 0x080024f5   Thumb Code    66  delay.o(i.DelayXms)
    Delay_Init                               0x0800253d   Thumb Code    48  delay.o(i.Delay_Init)
    EDP_DeleteBuffer                         0x08002575   Thumb Code    28  edpkit.o(i.EDP_DeleteBuffer)
    EDP_NewBuffer                            0x08002591   Thumb Code    88  edpkit.o(i.EDP_NewBuffer)
    EDP_PacketCmdResp                        0x080025e9   Thumb Code   192  edpkit.o(i.EDP_PacketCmdResp)
    EDP_PacketConnect1                       0x080026a9   Thumb Code   232  edpkit.o(i.EDP_PacketConnect1)
    EDP_PacketSaveData                       0x08002795   Thumb Code   462  edpkit.o(i.EDP_PacketSaveData)
    EDP_UnPacketCmd                          0x08002963   Thumb Code   214  edpkit.o(i.EDP_UnPacketCmd)
    EDP_UnPacketConnectRsp                   0x08002a39   Thumb Code     6  edpkit.o(i.EDP_UnPacketConnectRsp)
    EDP_UnPacketRecv                         0x08002a3f   Thumb Code     6  edpkit.o(i.EDP_UnPacketRecv)
    ESP8266_Clear                            0x08002a45   Thumb Code    18  esp8266.o(i.ESP8266_Clear)
    ESP8266_GetIPD                           0x08002a61   Thumb Code    68  esp8266.o(i.ESP8266_GetIPD)
    ESP8266_Init                             0x08002ab1   Thumb Code   236  esp8266.o(i.ESP8266_Init)
    ESP8266_SendCmd                          0x08002c81   Thumb Code    76  esp8266.o(i.ESP8266_SendCmd)
    ESP8266_SendData                         0x08002cd5   Thumb Code    46  esp8266.o(i.ESP8266_SendData)
    ESP8266_WaitRecive                       0x08002d1d   Thumb Code    42  esp8266.o(i.ESP8266_WaitRecive)
    EXTI0_IRQHandler                         0x08002d51   Thumb Code     2  stm32f10x_it.o(i.EXTI0_IRQHandler)
    GPIO_Init                                0x08002d53   Thumb Code   278  stm32f10x_gpio.o(i.GPIO_Init)
    GPIO_PinRemapConfig                      0x08002e69   Thumb Code   138  stm32f10x_gpio.o(i.GPIO_PinRemapConfig)
    GPIO_ReadInputDataBit                    0x08002ef9   Thumb Code    18  stm32f10x_gpio.o(i.GPIO_ReadInputDataBit)
    GPIO_ResetBits                           0x08002f0b   Thumb Code     4  stm32f10x_gpio.o(i.GPIO_ResetBits)
    GPIO_SetBits                             0x08002f0f   Thumb Code     4  stm32f10x_gpio.o(i.GPIO_SetBits)
    GPIO_WriteBit                            0x08002f13   Thumb Code    10  stm32f10x_gpio.o(i.GPIO_WriteBit)
    HardFault_Handler                        0x08002f1d   Thumb Code    12  stm32f10x_it.o(i.HardFault_Handler)
    Hardware_Init                            0x08002f69   Thumb Code    64  main.o(i.Hardware_Init)
    I2C_ReadByte                             0x08002fc1   Thumb Code   106  i2c.o(i.I2C_ReadByte)
    I2C_WriteByte                            0x0800302b   Thumb Code    92  i2c.o(i.I2C_WriteByte)
    IIC_Ack                                  0x08003089   Thumb Code    60  i2c.o(i.IIC_Ack)
    IIC_Init                                 0x080030cd   Thumb Code    66  i2c.o(i.IIC_Init)
    IIC_NAck                                 0x08003115   Thumb Code    60  i2c.o(i.IIC_NAck)
    IIC_RecvByte                             0x08003159   Thumb Code    86  i2c.o(i.IIC_RecvByte)
    IIC_SendByte                             0x080031b9   Thumb Code    96  i2c.o(i.IIC_SendByte)
    IIC_SpeedCtl                             0x08003221   Thumb Code     6  i2c.o(i.IIC_SpeedCtl)
    IIC_Start                                0x0800322d   Thumb Code    60  i2c.o(i.IIC_Start)
    IIC_Stop                                 0x08003271   Thumb Code    60  i2c.o(i.IIC_Stop)
    IIC_WaitAck                              0x080032b5   Thumb Code   100  i2c.o(i.IIC_WaitAck)
    KeyScan                                  0x08003339   Thumb Code    54  key.o(i.KeyScan)
    Key_Init                                 0x08003379   Thumb Code    54  key.o(i.Key_Init)
    Keyboard                                 0x080033b9   Thumb Code   290  key.o(i.Keyboard)
    LIGHT_GetVoltag                          0x080034e9   Thumb Code    18  light.o(i.LIGHT_GetVoltag)
    LIGHT_Init                               0x08003505   Thumb Code    46  light.o(i.LIGHT_Init)
    Led4_Set                                 0x0800353d   Thumb Code    38  led.o(i.Led4_Set)
    Led5_Set                                 0x0800356d   Thumb Code    40  led.o(i.Led5_Set)
    Led6_Set                                 0x0800359d   Thumb Code    40  led.o(i.Led6_Set)
    Led7_Set                                 0x080035cd   Thumb Code    40  led.o(i.Led7_Set)
    Led_Init                                 0x080035fd   Thumb Code    80  led.o(i.Led_Init)
    MemManage_Handler                        0x08003655   Thumb Code    12  stm32f10x_it.o(i.MemManage_Handler)
    NMI_Handler                              0x080036a1   Thumb Code     2  stm32f10x_it.o(i.NMI_Handler)
    NVIC_Init                                0x080036a5   Thumb Code   100  misc.o(i.NVIC_Init)
    NVIC_PriorityGroupConfig                 0x08003715   Thumb Code    10  misc.o(i.NVIC_PriorityGroupConfig)
    OneNet_DevLink                           0x08003729   Thumb Code   240  onenet.o(i.OneNet_DevLink)
    OneNet_FillBuf                           0x080039f5   Thumb Code   438  onenet.o(i.OneNet_FillBuf)
    OneNet_RevPro                            0x08003c7d   Thumb Code   552  onenet.o(i.OneNet_RevPro)
    OneNet_SendData                          0x08003f35   Thumb Code   130  onenet.o(i.OneNet_SendData)
    RCC_ADCCLKConfig                         0x08004015   Thumb Code    18  stm32f10x_rcc.o(i.RCC_ADCCLKConfig)
    RCC_APB1PeriphClockCmd                   0x0800402d   Thumb Code    26  stm32f10x_rcc.o(i.RCC_APB1PeriphClockCmd)
    RCC_APB2PeriphClockCmd                   0x0800404d   Thumb Code    26  stm32f10x_rcc.o(i.RCC_APB2PeriphClockCmd)
    RCC_APB2PeriphResetCmd                   0x0800406d   Thumb Code    26  stm32f10x_rcc.o(i.RCC_APB2PeriphResetCmd)
    RCC_GetClocksFreq                        0x0800408d   Thumb Code   192  stm32f10x_rcc.o(i.RCC_GetClocksFreq)
    RTC_IRQHandler                           0x08004169   Thumb Code     2  stm32f10x_it.o(i.RTC_IRQHandler)
    ReadRemainlen                            0x0800416b   Thumb Code    62  edpkit.o(i.ReadRemainlen)
    SHT20_GetValue                           0x080041a9   Thumb Code   106  sht20.o(i.SHT20_GetValue)
    SHT20_read_user_reg                      0x08004219   Thumb Code    22  sht20.o(i.SHT20_read_user_reg)
    SHT20_reset                              0x0800422f   Thumb Code    14  sht20.o(i.SHT20_reset)
    SHT2x_CalcRH                             0x0800423d   Thumb Code    60  sht20.o(i.SHT2x_CalcRH)
    SHT2x_CalcTemperatureC                   0x08004285   Thumb Code    60  sht20.o(i.SHT2x_CalcTemperatureC)
    SHT2x_CheckCrc                           0x080042d1   Thumb Code    74  sht20.o(i.SHT2x_CheckCrc)
    SHT2x_MeasureHM                          0x0800431b   Thumb Code   208  sht20.o(i.SHT2x_MeasureHM)
    SPI_ADXL_Init                            0x080043ed   Thumb Code    60  adxl362.o(i.SPI_ADXL_Init)
    SPI_Cmd                                  0x08004431   Thumb Code    24  stm32f10x_spi.o(i.SPI_Cmd)
    SPI_I2S_GetFlagStatus                    0x08004449   Thumb Code    18  stm32f10x_spi.o(i.SPI_I2S_GetFlagStatus)
    SPI_I2S_ReceiveData                      0x0800445b   Thumb Code     6  stm32f10x_spi.o(i.SPI_I2S_ReceiveData)
    SPI_I2S_SendData                         0x08004461   Thumb Code     4  stm32f10x_spi.o(i.SPI_I2S_SendData)
    SPI_Init                                 0x08004465   Thumb Code    60  stm32f10x_spi.o(i.SPI_Init)
    SPI_Read                                 0x080044a1   Thumb Code    56  adxl362.o(i.SPI_Read)
    SPI_Write                                0x080044e1   Thumb Code    54  adxl362.o(i.SPI_Write)
    SPIx_Init                                0x08004521   Thumb Code   176  spi.o(i.SPIx_Init)
    SPIx_ReadWriteByte                       0x080045e5   Thumb Code    80  spi.o(i.SPIx_ReadWriteByte)
    SPIx_SetSpeed                            0x08004635   Thumb Code    28  spi.o(i.SPIx_SetSpeed)
    SVC_Handler                              0x08004655   Thumb Code     2  stm32f10x_it.o(i.SVC_Handler)
    SysTick_Handler                          0x08004741   Thumb Code     2  stm32f10x_it.o(i.SysTick_Handler)
    SystemInit                               0x08004745   Thumb Code    78  system_stm32f10x.o(i.SystemInit)
    USART1_IRQHandler                        0x080047a5   Thumb Code    24  usart.o(i.USART1_IRQHandler)
    USART2_IRQHandler                        0x080047c1   Thumb Code    62  esp8266.o(i.USART2_IRQHandler)
    USART_ClearFlag                          0x0800480d   Thumb Code    18  stm32f10x_usart.o(i.USART_ClearFlag)
    USART_Cmd                                0x0800481f   Thumb Code    24  stm32f10x_usart.o(i.USART_Cmd)
    USART_GetFlagStatus                      0x08004837   Thumb Code    26  stm32f10x_usart.o(i.USART_GetFlagStatus)
    USART_GetITStatus                        0x08004851   Thumb Code    84  stm32f10x_usart.o(i.USART_GetITStatus)
    USART_ITConfig                           0x080048a5   Thumb Code    74  stm32f10x_usart.o(i.USART_ITConfig)
    USART_Init                               0x080048f1   Thumb Code   210  stm32f10x_usart.o(i.USART_Init)
    USART_SendData                           0x080049c9   Thumb Code     8  stm32f10x_usart.o(i.USART_SendData)
    UsageFault_Handler                       0x080049d1   Thumb Code    12  stm32f10x_it.o(i.UsageFault_Handler)
    Usart1_Init                              0x08004a21   Thumb Code   166  usart.o(i.Usart1_Init)
    Usart2_Init                              0x08004ad1   Thumb Code   162  usart.o(i.Usart2_Init)
    UsartPrintf                              0x08004b7d   Thumb Code    72  usart.o(i.UsartPrintf)
    Usart_SendString                         0x08004bc5   Thumb Code    50  usart.o(i.Usart_SendString)
    WriteRemainlen                           0x08004bf7   Thumb Code    46  edpkit.o(i.WriteRemainlen)
    __ARM_fpclassify                         0x08004c25   Thumb Code    40  fpclassify.o(i.__ARM_fpclassify)
    __kernel_poly                            0x08004c4d   Thumb Code   170  poly.o(i.__kernel_poly)
    __mathlib_dbl_infnan                     0x08004cf7   Thumb Code     6  dunder.o(i.__mathlib_dbl_infnan)
    __mathlib_dbl_underflow                  0x08004cfd   Thumb Code    10  dunder.o(i.__mathlib_dbl_underflow)
    _is_digit                                0x08004d0d   Thumb Code    14  __printf_wp.o(i._is_digit)
    atan                                     0x08004d1d   Thumb Code   474  atan.o(i.atan)
    main                                     0x08004f3d   Thumb Code   228  main.o(i.main)
    sqrt                                     0x0800503d   Thumb Code    76  sqrt.o(i.sqrt)
    _get_lc_numeric                          0x08005089   Thumb Code    44  lc_numeric_c.o(locale$$code)
    _get_lc_ctype                            0x080050b5   Thumb Code    44  lc_ctype_c.o(locale$$code)
    __aeabi_d2f                              0x080050e1   Thumb Code     0  d2f.o(x$fpl$d2f)
    _d2f                                     0x080050e1   Thumb Code    98  d2f.o(x$fpl$d2f)
    __aeabi_dadd                             0x08005145   Thumb Code     0  daddsub_clz.o(x$fpl$dadd)
    _dadd                                    0x08005145   Thumb Code   332  daddsub_clz.o(x$fpl$dadd)
    __fpl_dcheck_NaN1                        0x08005295   Thumb Code    10  dcheck1.o(x$fpl$dcheck1)
    __aeabi_ddiv                             0x080052a5   Thumb Code     0  ddiv.o(x$fpl$ddiv)
    _ddiv                                    0x080052a5   Thumb Code   552  ddiv.o(x$fpl$ddiv)
    __aeabi_i2d                              0x08005555   Thumb Code     0  dflt_clz.o(x$fpl$dflt)
    _dflt                                    0x08005555   Thumb Code    46  dflt_clz.o(x$fpl$dflt)
    __aeabi_dmul                             0x08005585   Thumb Code     0  dmul.o(x$fpl$dmul)
    _dmul                                    0x08005585   Thumb Code   332  dmul.o(x$fpl$dmul)
    __fpl_dnaninf                            0x080056d9   Thumb Code   156  dnaninf.o(x$fpl$dnaninf)
    __fpl_dretinf                            0x08005775   Thumb Code    12  dretinf.o(x$fpl$dretinf)
    __aeabi_drsub                            0x08005781   Thumb Code     0  daddsub_clz.o(x$fpl$drsb)
    _drsb                                    0x08005781   Thumb Code    22  daddsub_clz.o(x$fpl$drsb)
    _dsqrt                                   0x08005799   Thumb Code   456  dsqrt_noumaal.o(x$fpl$dsqrt)
    __aeabi_dsub                             0x08005965   Thumb Code     0  daddsub_clz.o(x$fpl$dsub)
    _dsub                                    0x08005965   Thumb Code   464  daddsub_clz.o(x$fpl$dsub)
    __aeabi_f2d                              0x08005b39   Thumb Code     0  f2d.o(x$fpl$f2d)
    _f2d                                     0x08005b39   Thumb Code    86  f2d.o(x$fpl$f2d)
    __aeabi_fadd                             0x08005b91   Thumb Code     0  faddsub_clz.o(x$fpl$fadd)
    _fadd                                    0x08005b91   Thumb Code   196  faddsub_clz.o(x$fpl$fadd)
    __aeabi_fdiv                             0x08005c55   Thumb Code     0  fdiv.o(x$fpl$fdiv)
    _fdiv                                    0x08005c55   Thumb Code   384  fdiv.o(x$fpl$fdiv)
    __aeabi_f2uiz                            0x08005dd9   Thumb Code     0  ffixu.o(x$fpl$ffixu)
    _ffixu                                   0x08005dd9   Thumb Code    62  ffixu.o(x$fpl$ffixu)
    __aeabi_i2f                              0x08005e19   Thumb Code     0  fflt_clz.o(x$fpl$fflt)
    _fflt                                    0x08005e19   Thumb Code    48  fflt_clz.o(x$fpl$fflt)
    __aeabi_ui2f                             0x08005e49   Thumb Code     0  fflt_clz.o(x$fpl$ffltu)
    _ffltu                                   0x08005e49   Thumb Code    38  fflt_clz.o(x$fpl$ffltu)
    __fpl_fnaninf                            0x08005e6f   Thumb Code   140  fnaninf.o(x$fpl$fnaninf)
    __fpl_fretinf                            0x08005efb   Thumb Code    10  fretinf.o(x$fpl$fretinf)
    __aeabi_fsub                             0x08005f05   Thumb Code     0  faddsub_clz.o(x$fpl$fsub)
    _fsub                                    0x08005f05   Thumb Code   234  faddsub_clz.o(x$fpl$fsub)
    _printf_fp_dec                           0x08005fef   Thumb Code     4  printf1.o(x$fpl$printf1)
    __fpl_return_NaN                         0x08005ff3   Thumb Code   100  retnan.o(x$fpl$retnan)
    __ARM_scalbn                             0x08006057   Thumb Code    92  scalbn.o(x$fpl$scalbn)
    __fpl_cmpreturn                          0x080060b3   Thumb Code    48  trapv.o(x$fpl$trapveneer)
    __I$use$fp                               0x080060e2   Number         0  usenofp.o(x$fpl$usenofp)
    Region$$Table$$Base                      0x08006254   Number         0  anon$$obj.o(Region$$Table)
    Region$$Table$$Limit                     0x08006274   Number         0  anon$$obj.o(Region$$Table)
    __ctype                                  0x0800629d   Data           0  lc_ctype_c.o(locale$$data)
    UsCount                                  0x20000014   Data           1  delay.o(.data)
    MsCount                                  0x20000016   Data           2  delay.o(.data)
    beep_info                                0x20000018   Data           1  beep.o(.data)
    led_status                               0x20000019   Data           4  led.o(.data)
    sht20_info                               0x20000020   Data           8  sht20.o(.data)
    iic_info                                 0x20000028   Data           2  i2c.o(.data)
    light_info                               0x2000002c   Data           4  light.o(.data)
    esp8266_cnt                              0x20000030   Data           2  esp8266.o(.data)
    esp8266_cntPre                           0x20000032   Data           2  esp8266.o(.data)
    adxl362Info                              0x20000034   Data          16  adxl362.o(.bss)
    spi_initstruct                           0x20000044   Data          18  spi.o(.bss)
    esp8266_buf                              0x20000056   Data         128  esp8266.o(.bss)
    __libspace_start                         0x200000d8   Data          96  libspace.o(.bss)
    __temporary_stack_top$libspace           0x20000138   Data           0  libspace.o(.bss)



==============================================================================

Memory Map of the image

  Image Entry point : 0x08000131

  Load Region LR_IROM1 (Base: 0x08000000, Size: 0x000063d4, Max: 0x00080000, ABSOLUTE)

    Execution Region ER_IROM1 (Exec base: 0x08000000, Load base: 0x08000000, Size: 0x000063a0, Max: 0x00080000, ABSOLUTE)

    Exec Addr    Load Addr    Size         Type   Attr      Idx    E Section Name        Object

    0x08000000   0x08000000   0x00000130   Data   RO          209    RESET               startup_stm32f10x_hd.o
    0x08000130   0x08000130   0x00000008   Code   RO         2053  * !!!main             c_w.l(__main.o)
    0x08000138   0x08000138   0x00000034   Code   RO         2497    !!!scatter          c_w.l(__scatter.o)
    0x0800016c   0x0800016c   0x0000001a   Code   RO         2499    !!handler_copy      c_w.l(__scatter_copy.o)
    0x08000186   0x08000186   0x00000002   PAD
    0x08000188   0x08000188   0x0000001c   Code   RO         2501    !!handler_zi        c_w.l(__scatter_zi.o)
    0x080001a4   0x080001a4   0x00000000   Code   RO         2032    .ARM.Collect$$_printf_percent$$00000000  c_w.l(_printf_percent.o)
    0x080001a4   0x080001a4   0x00000006   Code   RO         2204    .ARM.Collect$$_printf_percent$$00000001  c_w.l(_printf_n.o)
    0x080001aa   0x080001aa   0x00000006   Code   RO         2206    .ARM.Collect$$_printf_percent$$00000002  c_w.l(_printf_p.o)
    0x080001b0   0x080001b0   0x00000006   Code   RO         2031    .ARM.Collect$$_printf_percent$$00000003  c_w.l(_printf_f.o)
    0x080001b6   0x080001b6   0x00000006   Code   RO         2210    .ARM.Collect$$_printf_percent$$00000004  c_w.l(_printf_e.o)
    0x080001bc   0x080001bc   0x00000006   Code   RO         2211    .ARM.Collect$$_printf_percent$$00000005  c_w.l(_printf_g.o)
    0x080001c2   0x080001c2   0x00000006   Code   RO         2212    .ARM.Collect$$_printf_percent$$00000006  c_w.l(_printf_a.o)
    0x080001c8   0x080001c8   0x0000000a   Code   RO         2217    .ARM.Collect$$_printf_percent$$00000007  c_w.l(_printf_ll.o)
    0x080001d2   0x080001d2   0x00000006   Code   RO         2208    .ARM.Collect$$_printf_percent$$00000008  c_w.l(_printf_i.o)
    0x080001d8   0x080001d8   0x00000006   Code   RO         2030    .ARM.Collect$$_printf_percent$$00000009  c_w.l(_printf_d.o)
    0x080001de   0x080001de   0x00000006   Code   RO         2209    .ARM.Collect$$_printf_percent$$0000000A  c_w.l(_printf_u.o)
    0x080001e4   0x080001e4   0x00000006   Code   RO         2207    .ARM.Collect$$_printf_percent$$0000000B  c_w.l(_printf_o.o)
    0x080001ea   0x080001ea   0x00000006   Code   RO         2205    .ARM.Collect$$_printf_percent$$0000000C  c_w.l(_printf_x.o)
    0x080001f0   0x080001f0   0x00000006   Code   RO         2214    .ARM.Collect$$_printf_percent$$0000000D  c_w.l(_printf_lli.o)
    0x080001f6   0x080001f6   0x00000006   Code   RO         2215    .ARM.Collect$$_printf_percent$$0000000E  c_w.l(_printf_lld.o)
    0x080001fc   0x080001fc   0x00000006   Code   RO         2216    .ARM.Collect$$_printf_percent$$0000000F  c_w.l(_printf_llu.o)
    0x08000202   0x08000202   0x00000006   Code   RO         2221    .ARM.Collect$$_printf_percent$$00000010  c_w.l(_printf_llo.o)
    0x08000208   0x08000208   0x00000006   Code   RO         2222    .ARM.Collect$$_printf_percent$$00000011  c_w.l(_printf_llx.o)
    0x0800020e   0x0800020e   0x0000000a   Code   RO         2218    .ARM.Collect$$_printf_percent$$00000012  c_w.l(_printf_l.o)
    0x08000218   0x08000218   0x00000006   Code   RO         2202    .ARM.Collect$$_printf_percent$$00000013  c_w.l(_printf_c.o)
    0x0800021e   0x0800021e   0x00000006   Code   RO         2203    .ARM.Collect$$_printf_percent$$00000014  c_w.l(_printf_s.o)
    0x08000224   0x08000224   0x00000006   Code   RO         2219    .ARM.Collect$$_printf_percent$$00000015  c_w.l(_printf_lc.o)
    0x0800022a   0x0800022a   0x00000006   Code   RO         2220    .ARM.Collect$$_printf_percent$$00000016  c_w.l(_printf_ls.o)
    0x08000230   0x08000230   0x00000004   Code   RO         2213    .ARM.Collect$$_printf_percent$$00000017  c_w.l(_printf_percent_end.o)
    0x08000234   0x08000234   0x00000002   Code   RO         2432    .ARM.Collect$$libinit$$00000000  c_w.l(libinit.o)
    0x08000236   0x08000236   0x00000000   Code   RO         2230    .ARM.Collect$$libinit$$00000002  c_w.l(libinit2.o)
    0x08000236   0x08000236   0x00000000   Code   RO         2232    .ARM.Collect$$libinit$$00000004  c_w.l(libinit2.o)
    0x08000236   0x08000236   0x00000008   Code   RO         2233    .ARM.Collect$$libinit$$00000005  c_w.l(libinit2.o)
    0x0800023e   0x0800023e   0x00000000   Code   RO         2235    .ARM.Collect$$libinit$$0000000A  c_w.l(libinit2.o)
    0x0800023e   0x0800023e   0x00000000   Code   RO         2237    .ARM.Collect$$libinit$$0000000C  c_w.l(libinit2.o)
    0x0800023e   0x0800023e   0x00000000   Code   RO         2239    .ARM.Collect$$libinit$$0000000E  c_w.l(libinit2.o)
    0x0800023e   0x0800023e   0x00000006   Code   RO         2240    .ARM.Collect$$libinit$$0000000F  c_w.l(libinit2.o)
    0x08000244   0x08000244   0x00000000   Code   RO         2242    .ARM.Collect$$libinit$$00000011  c_w.l(libinit2.o)
    0x08000244   0x08000244   0x0000000c   Code   RO         2243    .ARM.Collect$$libinit$$00000012  c_w.l(libinit2.o)
    0x08000250   0x08000250   0x00000000   Code   RO         2244    .ARM.Collect$$libinit$$00000013  c_w.l(libinit2.o)
    0x08000250   0x08000250   0x00000000   Code   RO         2246    .ARM.Collect$$libinit$$00000015  c_w.l(libinit2.o)
    0x08000250   0x08000250   0x0000000a   Code   RO         2247    .ARM.Collect$$libinit$$00000016  c_w.l(libinit2.o)
    0x0800025a   0x0800025a   0x00000000   Code   RO         2248    .ARM.Collect$$libinit$$00000017  c_w.l(libinit2.o)
    0x0800025a   0x0800025a   0x00000000   Code   RO         2250    .ARM.Collect$$libinit$$00000019  c_w.l(libinit2.o)
    0x0800025a   0x0800025a   0x00000000   Code   RO         2252    .ARM.Collect$$libinit$$0000001B  c_w.l(libinit2.o)
    0x0800025a   0x0800025a   0x00000000   Code   RO         2254    .ARM.Collect$$libinit$$0000001D  c_w.l(libinit2.o)
    0x0800025a   0x0800025a   0x00000000   Code   RO         2256    .ARM.Collect$$libinit$$0000001F  c_w.l(libinit2.o)
    0x0800025a   0x0800025a   0x00000000   Code   RO         2258    .ARM.Collect$$libinit$$00000021  c_w.l(libinit2.o)
    0x0800025a   0x0800025a   0x00000000   Code   RO         2260    .ARM.Collect$$libinit$$00000023  c_w.l(libinit2.o)
    0x0800025a   0x0800025a   0x00000000   Code   RO         2262    .ARM.Collect$$libinit$$00000025  c_w.l(libinit2.o)
    0x0800025a   0x0800025a   0x00000000   Code   RO         2266    .ARM.Collect$$libinit$$0000002C  c_w.l(libinit2.o)
    0x0800025a   0x0800025a   0x00000000   Code   RO         2268    .ARM.Collect$$libinit$$0000002E  c_w.l(libinit2.o)
    0x0800025a   0x0800025a   0x00000000   Code   RO         2270    .ARM.Collect$$libinit$$00000030  c_w.l(libinit2.o)
    0x0800025a   0x0800025a   0x00000000   Code   RO         2272    .ARM.Collect$$libinit$$00000032  c_w.l(libinit2.o)
    0x0800025a   0x0800025a   0x00000002   Code   RO         2273    .ARM.Collect$$libinit$$00000033  c_w.l(libinit2.o)
    0x0800025c   0x0800025c   0x00000002   Code   RO         2494    .ARM.Collect$$libshutdown$$00000000  c_w.l(libshutdown.o)
    0x0800025e   0x0800025e   0x00000000   Code   RO         2448    .ARM.Collect$$libshutdown$$00000002  c_w.l(libshutdown2.o)
    0x0800025e   0x0800025e   0x00000000   Code   RO         2450    .ARM.Collect$$libshutdown$$00000004  c_w.l(libshutdown2.o)
    0x0800025e   0x0800025e   0x00000000   Code   RO         2453    .ARM.Collect$$libshutdown$$00000007  c_w.l(libshutdown2.o)
    0x0800025e   0x0800025e   0x00000000   Code   RO         2456    .ARM.Collect$$libshutdown$$0000000A  c_w.l(libshutdown2.o)
    0x0800025e   0x0800025e   0x00000000   Code   RO         2458    .ARM.Collect$$libshutdown$$0000000C  c_w.l(libshutdown2.o)
    0x0800025e   0x0800025e   0x00000000   Code   RO         2461    .ARM.Collect$$libshutdown$$0000000F  c_w.l(libshutdown2.o)
    0x0800025e   0x0800025e   0x00000002   Code   RO         2462    .ARM.Collect$$libshutdown$$00000010  c_w.l(libshutdown2.o)
    0x08000260   0x08000260   0x00000000   Code   RO         2119    .ARM.Collect$$rtentry$$00000000  c_w.l(__rtentry.o)
    0x08000260   0x08000260   0x00000000   Code   RO         2313    .ARM.Collect$$rtentry$$00000002  c_w.l(__rtentry2.o)
    0x08000260   0x08000260   0x00000006   Code   RO         2325    .ARM.Collect$$rtentry$$00000004  c_w.l(__rtentry4.o)
    0x08000266   0x08000266   0x00000000   Code   RO         2315    .ARM.Collect$$rtentry$$00000009  c_w.l(__rtentry2.o)
    0x08000266   0x08000266   0x00000004   Code   RO         2316    .ARM.Collect$$rtentry$$0000000A  c_w.l(__rtentry2.o)
    0x0800026a   0x0800026a   0x00000000   Code   RO         2318    .ARM.Collect$$rtentry$$0000000C  c_w.l(__rtentry2.o)
    0x0800026a   0x0800026a   0x00000008   Code   RO         2319    .ARM.Collect$$rtentry$$0000000D  c_w.l(__rtentry2.o)
    0x08000272   0x08000272   0x00000002   Code   RO         2437    .ARM.Collect$$rtexit$$00000000  c_w.l(rtexit.o)
    0x08000274   0x08000274   0x00000000   Code   RO         2468    .ARM.Collect$$rtexit$$00000002  c_w.l(rtexit2.o)
    0x08000274   0x08000274   0x00000004   Code   RO         2469    .ARM.Collect$$rtexit$$00000003  c_w.l(rtexit2.o)
    0x08000278   0x08000278   0x00000006   Code   RO         2470    .ARM.Collect$$rtexit$$00000004  c_w.l(rtexit2.o)
    0x0800027e   0x0800027e   0x00000002   PAD
    0x08000280   0x08000280   0x00000000   Code   RO         2336    .emb_text           c_w.l(maybetermalloc1.o)
    0x08000280   0x08000280   0x00000040   Code   RO          210    .text               startup_stm32f10x_hd.o
    0x080002c0   0x080002c0   0x0000005e   Code   RO         1942    .text               c_w.l(h1_alloc.o)
    0x0800031e   0x0800031e   0x0000004e   Code   RO         1944    .text               c_w.l(h1_free.o)
    0x0800036c   0x0800036c   0x00000034   Code   RO         2000    .text               c_w.l(c89vsnprintf.o)
    0x080003a0   0x080003a0   0x0000002c   Code   RO         2002    .text               c_w.l(__2sprintf.o)
    0x080003cc   0x080003cc   0x00000078   Code   RO         2008    .text               c_w.l(_printf_dec.o)
    0x08000444   0x08000444   0x00000188   Code   RO         2027    .text               c_w.l(__printf_flags_ss_wp.o)
    0x080005cc   0x080005cc   0x0000001a   Code   RO         2033    .text               c_w.l(atoi.o)
    0x080005e6   0x080005e6   0x00000014   Code   RO         2035    .text               c_w.l(strchr.o)
    0x080005fa   0x080005fa   0x00000024   Code   RO         2037    .text               c_w.l(strncat.o)
    0x0800061e   0x0800061e   0x00000024   Code   RO         2039    .text               c_w.l(strstr.o)
    0x08000642   0x08000642   0x0000003e   Code   RO         2041    .text               c_w.l(strlen.o)
    0x08000680   0x08000680   0x00000018   Code   RO         2043    .text               c_w.l(strcat.o)
    0x08000698   0x08000698   0x0000008a   Code   RO         2045    .text               c_w.l(rt_memcpy_v6.o)
    0x08000722   0x08000722   0x00000044   Code   RO         2047    .text               c_w.l(rt_memclr.o)
    0x08000766   0x08000766   0x0000004e   Code   RO         2049    .text               c_w.l(rt_memclr_w.o)
    0x080007b4   0x080007b4   0x00000006   Code   RO         2051    .text               c_w.l(heapauxi.o)
    0x080007ba   0x080007ba   0x00000002   PAD
    0x080007bc   0x080007bc   0x00000008   Code   RO         2123    .text               c_w.l(rt_heap_descriptor_intlibspace.o)
    0x080007c4   0x080007c4   0x00000008   Code   RO         2128    .text               c_w.l(rt_errno_addr_intlibspace.o)
    0x080007cc   0x080007cc   0x00000004   Code   RO         2130    .text               c_w.l(hguard.o)
    0x080007d0   0x080007d0   0x0000008a   Code   RO         2132    .text               c_w.l(init_alloc.o)
    0x0800085a   0x0800085a   0x0000000e   Code   RO         2136    .text               c_w.l(h1_init.o)
    0x08000868   0x08000868   0x00000016   Code   RO         2150    .text               c_w.l(_rserrno.o)
    0x0800087e   0x0800087e   0x0000004e   Code   RO         2152    .text               c_w.l(_printf_pad.o)
    0x080008cc   0x080008cc   0x00000024   Code   RO         2154    .text               c_w.l(_printf_truncate.o)
    0x080008f0   0x080008f0   0x00000052   Code   RO         2156    .text               c_w.l(_printf_str.o)
    0x08000942   0x08000942   0x000000b2   Code   RO         2158    .text               c_w.l(_printf_intcommon.o)
    0x080009f4   0x080009f4   0x00000028   Code   RO         2160    .text               c_w.l(_printf_charcount.o)
    0x08000a1c   0x08000a1c   0x0000041e   Code   RO         2162    .text               c_w.l(_printf_fp_dec.o)
    0x08000e3a   0x08000e3a   0x00000002   PAD
    0x08000e3c   0x08000e3c   0x00000030   Code   RO         2164    .text               c_w.l(_printf_char_common.o)
    0x08000e6c   0x08000e6c   0x0000000a   Code   RO         2166    .text               c_w.l(_sputc.o)
    0x08000e76   0x08000e76   0x00000010   Code   RO         2168    .text               c_w.l(_snputc.o)
    0x08000e86   0x08000e86   0x00000002   PAD
    0x08000e88   0x08000e88   0x000000bc   Code   RO         2170    .text               c_w.l(_printf_wctomb.o)
    0x08000f44   0x08000f44   0x0000007c   Code   RO         2173    .text               c_w.l(_printf_longlong_dec.o)
    0x08000fc0   0x08000fc0   0x00000070   Code   RO         2179    .text               c_w.l(_printf_oct_int_ll.o)
    0x08001030   0x08001030   0x00000094   Code   RO         2199    .text               c_w.l(_printf_hex_int_ll_ptr.o)
    0x080010c4   0x080010c4   0x00000070   Code   RO         2223    .text               c_w.l(strtol.o)
    0x08001134   0x08001134   0x00000064   Code   RO         2225    .text               c_w.l(rt_memcpy_w.o)
    0x08001198   0x08001198   0x00000008   Code   RO         2309    .text               c_w.l(libspace.o)
    0x080011a0   0x080011a0   0x00000010   Code   RO         2327    .text               c_w.l(rt_ctype_table.o)
    0x080011b0   0x080011b0   0x00000008   Code   RO         2332    .text               c_w.l(rt_locale_intlibspace.o)
    0x080011b8   0x080011b8   0x00000034   Code   RO         2338    .text               c_w.l(h1_extend.o)
    0x080011ec   0x080011ec   0x0000008a   Code   RO         2342    .text               c_w.l(lludiv10.o)
    0x08001276   0x08001276   0x00000002   PAD
    0x08001278   0x08001278   0x00000080   Code   RO         2344    .text               c_w.l(_printf_fp_infnan.o)
    0x080012f8   0x080012f8   0x0000002c   Code   RO         2348    .text               c_w.l(_printf_char.o)
    0x08001324   0x08001324   0x0000002c   Code   RO         2350    .text               c_w.l(_printf_wchar.o)
    0x08001350   0x08001350   0x0000009e   Code   RO         2352    .text               c_w.l(_strtoul.o)
    0x080013ee   0x080013ee   0x00000002   PAD
    0x080013f0   0x080013f0   0x000000e4   Code   RO         2354    .text               c_w.l(bigflt0.o)
    0x080014d4   0x080014d4   0x00000040   Code   RO         2379    .text               c_w.l(_wcrtomb.o)
    0x08001514   0x08001514   0x0000000e   Code   RO         2384    .text               c_w.l(defsig_rtmem_outer.o)
    0x08001522   0x08001522   0x00000002   Code   RO         2401    .text               c_w.l(use_no_semi.o)
    0x08001524   0x08001524   0x00000000   Code   RO         2403    .text               c_w.l(indicate_semi.o)
    0x08001524   0x08001524   0x0000004a   Code   RO         2404    .text               c_w.l(sys_stackheap_outer.o)
    0x0800156e   0x0800156e   0x0000001c   Code   RO         2410    .text               c_w.l(_chval.o)
    0x0800158a   0x0800158a   0x00000012   Code   RO         2415    .text               c_w.l(exit.o)
    0x0800159c   0x0800159c   0x0000000a   Code   RO         2417    .text               c_w.l(defsig_exit.o)
    0x080015a6   0x080015a6   0x00000002   PAD
    0x080015a8   0x080015a8   0x00000050   Code   RO         2419    .text               c_w.l(defsig_rtmem_inner.o)
    0x080015f8   0x080015f8   0x00000080   Code   RO         2421    .text               c_w.l(strcmpv7m.o)
    0x08001678   0x08001678   0x0000000c   Code   RO         2435    .text               c_w.l(sys_exit.o)
    0x08001684   0x08001684   0x00000032   Code   RO         2445    .text               c_w.l(defsig_general.o)
    0x080016b6   0x080016b6   0x0000000e   Code   RO         2465    .text               c_w.l(sys_wrch.o)
    0x080016c4   0x080016c4   0x0000003e   Code   RO         2357    CL$$btod_d2e        c_w.l(btod.o)
    0x08001702   0x08001702   0x00000046   Code   RO         2359    CL$$btod_d2e_denorm_low  c_w.l(btod.o)
    0x08001748   0x08001748   0x00000060   Code   RO         2358    CL$$btod_d2e_norm_op1  c_w.l(btod.o)
    0x080017a8   0x080017a8   0x00000338   Code   RO         2367    CL$$btod_div_common  c_w.l(btod.o)
    0x08001ae0   0x08001ae0   0x000000dc   Code   RO         2364    CL$$btod_e2e        c_w.l(btod.o)
    0x08001bbc   0x08001bbc   0x0000002a   Code   RO         2361    CL$$btod_ediv       c_w.l(btod.o)
    0x08001be6   0x08001be6   0x0000002a   Code   RO         2360    CL$$btod_emul       c_w.l(btod.o)
    0x08001c10   0x08001c10   0x00000244   Code   RO         2366    CL$$btod_mult_common  c_w.l(btod.o)
    0x08001e54   0x08001e54   0x00000016   Code   RO          920    i.ADC_Cmd           stm32f10x_adc.o
    0x08001e6a   0x08001e6a   0x00000002   PAD
    0x08001e6c   0x08001e6c   0x0000005c   Code   RO          922    i.ADC_DeInit        stm32f10x_adc.o
    0x08001ec8   0x08001ec8   0x00000014   Code   RO          928    i.ADC_GetCalibrationStatus  stm32f10x_adc.o
    0x08001edc   0x08001edc   0x00000008   Code   RO          929    i.ADC_GetConversionValue  stm32f10x_adc.o
    0x08001ee4   0x08001ee4   0x00000012   Code   RO          931    i.ADC_GetFlagStatus  stm32f10x_adc.o
    0x08001ef6   0x08001ef6   0x00000014   Code   RO          934    i.ADC_GetResetCalibrationStatus  stm32f10x_adc.o
    0x08001f0a   0x08001f0a   0x00000002   PAD
    0x08001f0c   0x08001f0c   0x00000050   Code   RO          938    i.ADC_Init          stm32f10x_adc.o
    0x08001f5c   0x08001f5c   0x000000b8   Code   RO          942    i.ADC_RegularChannelConfig  stm32f10x_adc.o
    0x08002014   0x08002014   0x0000000a   Code   RO          943    i.ADC_ResetCalibration  stm32f10x_adc.o
    0x0800201e   0x0800201e   0x00000016   Code   RO          945    i.ADC_SoftwareStartConvCmd  stm32f10x_adc.o
    0x08002034   0x08002034   0x0000000a   Code   RO          947    i.ADC_StartCalibration  stm32f10x_adc.o
    0x0800203e   0x0800203e   0x00000002   PAD
    0x08002040   0x08002040   0x00000024   Code   RO          949    i.ADC_TempSensorVrefintCmd  stm32f10x_adc.o
    0x08002064   0x08002064   0x00000030   Code   RO         1622    i.ADCx_GetValue     adc.o
    0x08002094   0x08002094   0x00000052   Code   RO         1623    i.ADCx_GetValueTimes  adc.o
    0x080020e6   0x080020e6   0x00000002   PAD
    0x080020e8   0x080020e8   0x00000048   Code   RO         1624    i.ADCx_GetVoltag    adc.o
    0x08002130   0x08002130   0x000000ac   Code   RO         1625    i.ADCx_Init         adc.o
    0x080021dc   0x080021dc   0x0000004e   Code   RO         1463    i.ADXL362_GetRegisterValue  adxl362.o
    0x0800222a   0x0800222a   0x00000002   PAD
    0x0800222c   0x0800222c   0x000000f0   Code   RO         1464    i.ADXL362_GetValue  adxl362.o
    0x0800231c   0x0800231c   0x0000004a   Code   RO         1465    i.ADXL362_GetXyz    adxl362.o
    0x08002366   0x08002366   0x00000002   PAD
    0x08002368   0x08002368   0x0000003c   Code   RO         1466    i.ADXL362_Init      adxl362.o
    0x080023a4   0x080023a4   0x0000002e   Code   RO         1469    i.ADXL362_SetPowerMode  adxl362.o
    0x080023d2   0x080023d2   0x00000030   Code   RO         1471    i.ADXL362_SetRegisterValue  adxl362.o
    0x08002402   0x08002402   0x00000002   PAD
    0x08002404   0x08002404   0x00000044   Code   RO         1218    i.Beep_Init         beep.o
    0x08002448   0x08002448   0x0000001c   Code   RO         1219    i.Beep_Set          beep.o
    0x08002464   0x08002464   0x0000004c   Code   RO          130    i.BusFault_Handler  stm32f10x_it.o
    0x080024b0   0x080024b0   0x00000002   Code   RO          131    i.DebugMon_Handler  stm32f10x_it.o
    0x080024b2   0x080024b2   0x00000002   PAD
    0x080024b4   0x080024b4   0x00000040   Code   RO         1137    i.DelayUs           delay.o
    0x080024f4   0x080024f4   0x00000048   Code   RO         1138    i.DelayXms          delay.o
    0x0800253c   0x0800253c   0x00000038   Code   RO         1139    i.Delay_Init        delay.o
    0x08002574   0x08002574   0x0000001c   Code   RO         1778    i.EDP_DeleteBuffer  edpkit.o
    0x08002590   0x08002590   0x00000058   Code   RO         1779    i.EDP_NewBuffer     edpkit.o
    0x080025e8   0x080025e8   0x000000c0   Code   RO         1780    i.EDP_PacketCmdResp  edpkit.o
    0x080026a8   0x080026a8   0x000000ec   Code   RO         1781    i.EDP_PacketConnect1  edpkit.o
    0x08002794   0x08002794   0x000001ce   Code   RO         1785    i.EDP_PacketSaveData  edpkit.o
    0x08002962   0x08002962   0x000000d6   Code   RO         1786    i.EDP_UnPacketCmd   edpkit.o
    0x08002a38   0x08002a38   0x00000006   Code   RO         1787    i.EDP_UnPacketConnectRsp  edpkit.o
    0x08002a3e   0x08002a3e   0x00000006   Code   RO         1789    i.EDP_UnPacketRecv  edpkit.o
    0x08002a44   0x08002a44   0x0000001c   Code   RO         1880    i.ESP8266_Clear     esp8266.o
    0x08002a60   0x08002a60   0x00000050   Code   RO         1881    i.ESP8266_GetIPD    esp8266.o
    0x08002ab0   0x08002ab0   0x000001d0   Code   RO         1882    i.ESP8266_Init      esp8266.o
    0x08002c80   0x08002c80   0x00000054   Code   RO         1883    i.ESP8266_SendCmd   esp8266.o
    0x08002cd4   0x08002cd4   0x00000048   Code   RO         1884    i.ESP8266_SendData  esp8266.o
    0x08002d1c   0x08002d1c   0x00000034   Code   RO         1885    i.ESP8266_WaitRecive  esp8266.o
    0x08002d50   0x08002d50   0x00000002   Code   RO          132    i.EXTI0_IRQHandler  stm32f10x_it.o
    0x08002d52   0x08002d52   0x00000116   Code   RO          662    i.GPIO_Init         stm32f10x_gpio.o
    0x08002e68   0x08002e68   0x00000090   Code   RO          664    i.GPIO_PinRemapConfig  stm32f10x_gpio.o
    0x08002ef8   0x08002ef8   0x00000012   Code   RO          666    i.GPIO_ReadInputDataBit  stm32f10x_gpio.o
    0x08002f0a   0x08002f0a   0x00000004   Code   RO          669    i.GPIO_ResetBits    stm32f10x_gpio.o
    0x08002f0e   0x08002f0e   0x00000004   Code   RO          670    i.GPIO_SetBits      stm32f10x_gpio.o
    0x08002f12   0x08002f12   0x0000000a   Code   RO          673    i.GPIO_WriteBit     stm32f10x_gpio.o
    0x08002f1c   0x08002f1c   0x0000004c   Code   RO          133    i.HardFault_Handler  stm32f10x_it.o
    0x08002f68   0x08002f68   0x00000058   Code   RO         1684    i.Hardware_Init     main.o
    0x08002fc0   0x08002fc0   0x0000006a   Code   RO         1371    i.I2C_ReadByte      i2c.o
    0x0800302a   0x0800302a   0x0000005c   Code   RO         1373    i.I2C_WriteByte     i2c.o
    0x08003086   0x08003086   0x00000002   PAD
    0x08003088   0x08003088   0x00000044   Code   RO         1375    i.IIC_Ack           i2c.o
    0x080030cc   0x080030cc   0x00000048   Code   RO         1376    i.IIC_Init          i2c.o
    0x08003114   0x08003114   0x00000044   Code   RO         1377    i.IIC_NAck          i2c.o
    0x08003158   0x08003158   0x00000060   Code   RO         1378    i.IIC_RecvByte      i2c.o
    0x080031b8   0x080031b8   0x00000068   Code   RO         1379    i.IIC_SendByte      i2c.o
    0x08003220   0x08003220   0x0000000c   Code   RO         1380    i.IIC_SpeedCtl      i2c.o
    0x0800322c   0x0800322c   0x00000044   Code   RO         1381    i.IIC_Start         i2c.o
    0x08003270   0x08003270   0x00000044   Code   RO         1382    i.IIC_Stop          i2c.o
    0x080032b4   0x080032b4   0x00000084   Code   RO         1383    i.IIC_WaitAck       i2c.o
    0x08003338   0x08003338   0x00000040   Code   RO         1284    i.KeyScan           key.o
    0x08003378   0x08003378   0x00000040   Code   RO         1285    i.Key_Init          key.o
    0x080033b8   0x080033b8   0x00000130   Code   RO         1286    i.Keyboard          key.o
    0x080034e8   0x080034e8   0x0000001c   Code   RO         1660    i.LIGHT_GetVoltag   light.o
    0x08003504   0x08003504   0x00000038   Code   RO         1661    i.LIGHT_Init        light.o
    0x0800353c   0x0800353c   0x00000030   Code   RO         1242    i.Led4_Set          led.o
    0x0800356c   0x0800356c   0x00000030   Code   RO         1243    i.Led5_Set          led.o
    0x0800359c   0x0800359c   0x00000030   Code   RO         1244    i.Led6_Set          led.o
    0x080035cc   0x080035cc   0x00000030   Code   RO         1245    i.Led7_Set          led.o
    0x080035fc   0x080035fc   0x00000058   Code   RO         1246    i.Led_Init          led.o
    0x08003654   0x08003654   0x0000004c   Code   RO          134    i.MemManage_Handler  stm32f10x_it.o
    0x080036a0   0x080036a0   0x00000002   Code   RO          135    i.NMI_Handler       stm32f10x_it.o
    0x080036a2   0x080036a2   0x00000002   PAD
    0x080036a4   0x080036a4   0x00000070   Code   RO          214    i.NVIC_Init         misc.o
    0x08003714   0x08003714   0x00000014   Code   RO          215    i.NVIC_PriorityGroupConfig  misc.o
    0x08003728   0x08003728   0x000002cc   Code   RO         1728    i.OneNet_DevLink    onenet.o
    0x080039f4   0x080039f4   0x00000288   Code   RO         1729    i.OneNet_FillBuf    onenet.o
    0x08003c7c   0x08003c7c   0x000002b8   Code   RO         1730    i.OneNet_RevPro     onenet.o
    0x08003f34   0x08003f34   0x000000e0   Code   RO         1731    i.OneNet_SendData   onenet.o
    0x08004014   0x08004014   0x00000018   Code   RO          276    i.RCC_ADCCLKConfig  stm32f10x_rcc.o
    0x0800402c   0x0800402c   0x00000020   Code   RO          278    i.RCC_APB1PeriphClockCmd  stm32f10x_rcc.o
    0x0800404c   0x0800404c   0x00000020   Code   RO          280    i.RCC_APB2PeriphClockCmd  stm32f10x_rcc.o
    0x0800406c   0x0800406c   0x00000020   Code   RO          281    i.RCC_APB2PeriphResetCmd  stm32f10x_rcc.o
    0x0800408c   0x0800408c   0x000000dc   Code   RO          288    i.RCC_GetClocksFreq  stm32f10x_rcc.o
    0x08004168   0x08004168   0x00000002   Code   RO          136    i.RTC_IRQHandler    stm32f10x_it.o
    0x0800416a   0x0800416a   0x0000003e   Code   RO         1790    i.ReadRemainlen     edpkit.o
    0x080041a8   0x080041a8   0x00000070   Code   RO         1312    i.SHT20_GetValue    sht20.o
    0x08004218   0x08004218   0x00000016   Code   RO         1313    i.SHT20_read_user_reg  sht20.o
    0x0800422e   0x0800422e   0x0000000e   Code   RO         1314    i.SHT20_reset       sht20.o
    0x0800423c   0x0800423c   0x00000048   Code   RO         1315    i.SHT2x_CalcRH      sht20.o
    0x08004284   0x08004284   0x0000004c   Code   RO         1316    i.SHT2x_CalcTemperatureC  sht20.o
    0x080042d0   0x080042d0   0x0000004a   Code   RO         1317    i.SHT2x_CheckCrc    sht20.o
    0x0800431a   0x0800431a   0x000000d0   Code   RO         1318    i.SHT2x_MeasureHM   sht20.o
    0x080043ea   0x080043ea   0x00000002   PAD
    0x080043ec   0x080043ec   0x00000044   Code   RO         1475    i.SPI_ADXL_Init     adxl362.o
    0x08004430   0x08004430   0x00000018   Code   RO          775    i.SPI_Cmd           stm32f10x_spi.o
    0x08004448   0x08004448   0x00000012   Code   RO          783    i.SPI_I2S_GetFlagStatus  stm32f10x_spi.o
    0x0800445a   0x0800445a   0x00000006   Code   RO          786    i.SPI_I2S_ReceiveData  stm32f10x_spi.o
    0x08004460   0x08004460   0x00000004   Code   RO          787    i.SPI_I2S_SendData  stm32f10x_spi.o
    0x08004464   0x08004464   0x0000003c   Code   RO          788    i.SPI_Init          stm32f10x_spi.o
    0x080044a0   0x080044a0   0x00000040   Code   RO         1476    i.SPI_Read          adxl362.o
    0x080044e0   0x080044e0   0x00000040   Code   RO         1477    i.SPI_Write         adxl362.o
    0x08004520   0x08004520   0x000000c4   Code   RO         1582    i.SPIx_Init         spi.o
    0x080045e4   0x080045e4   0x00000050   Code   RO         1583    i.SPIx_ReadWriteByte  spi.o
    0x08004634   0x08004634   0x00000020   Code   RO         1584    i.SPIx_SetSpeed     spi.o
    0x08004654   0x08004654   0x00000002   Code   RO          137    i.SVC_Handler       stm32f10x_it.o
    0x08004656   0x08004656   0x00000008   Code   RO           17    i.SetSysClock       system_stm32f10x.o
    0x0800465e   0x0800465e   0x00000002   PAD
    0x08004660   0x08004660   0x000000e0   Code   RO           18    i.SetSysClockTo72   system_stm32f10x.o
    0x08004740   0x08004740   0x00000002   Code   RO          138    i.SysTick_Handler   stm32f10x_it.o
    0x08004742   0x08004742   0x00000002   PAD
    0x08004744   0x08004744   0x00000060   Code   RO           20    i.SystemInit        system_stm32f10x.o
    0x080047a4   0x080047a4   0x0000001c   Code   RO         1172    i.USART1_IRQHandler  usart.o
    0x080047c0   0x080047c0   0x0000004c   Code   RO         1886    i.USART2_IRQHandler  esp8266.o
    0x0800480c   0x0800480c   0x00000012   Code   RO          476    i.USART_ClearFlag   stm32f10x_usart.o
    0x0800481e   0x0800481e   0x00000018   Code   RO          480    i.USART_Cmd         stm32f10x_usart.o
    0x08004836   0x08004836   0x0000001a   Code   RO          483    i.USART_GetFlagStatus  stm32f10x_usart.o
    0x08004850   0x08004850   0x00000054   Code   RO          484    i.USART_GetITStatus  stm32f10x_usart.o
    0x080048a4   0x080048a4   0x0000004a   Code   RO          486    i.USART_ITConfig    stm32f10x_usart.o
    0x080048ee   0x080048ee   0x00000002   PAD
    0x080048f0   0x080048f0   0x000000d8   Code   RO          487    i.USART_Init        stm32f10x_usart.o
    0x080049c8   0x080049c8   0x00000008   Code   RO          497    i.USART_SendData    stm32f10x_usart.o
    0x080049d0   0x080049d0   0x00000050   Code   RO          139    i.UsageFault_Handler  stm32f10x_it.o
    0x08004a20   0x08004a20   0x000000b0   Code   RO         1173    i.Usart1_Init       usart.o
    0x08004ad0   0x08004ad0   0x000000ac   Code   RO         1174    i.Usart2_Init       usart.o
    0x08004b7c   0x08004b7c   0x00000048   Code   RO         1175    i.UsartPrintf       usart.o
    0x08004bc4   0x08004bc4   0x00000032   Code   RO         1176    i.Usart_SendString  usart.o
    0x08004bf6   0x08004bf6   0x0000002e   Code   RO         1791    i.WriteRemainlen    edpkit.o
    0x08004c24   0x08004c24   0x00000028   Code   RO         2303    i.__ARM_fpclassify  m_ws.l(fpclassify.o)
    0x08004c4c   0x08004c4c   0x000000aa   Code   RO         2305    i.__kernel_poly     m_ws.l(poly.o)
    0x08004cf6   0x08004cf6   0x00000006   Code   RO         2290    i.__mathlib_dbl_infnan  m_ws.l(dunder.o)
    0x08004cfc   0x08004cfc   0x00000010   Code   RO         2295    i.__mathlib_dbl_underflow  m_ws.l(dunder.o)
    0x08004d0c   0x08004d0c   0x0000000e   Code   RO         2020    i._is_digit         c_w.l(__printf_wp.o)
    0x08004d1a   0x08004d1a   0x00000002   PAD
    0x08004d1c   0x08004d1c   0x00000220   Code   RO         2100    i.atan              m_ws.l(atan.o)
    0x08004f3c   0x08004f3c   0x00000100   Code   RO         1685    i.main              main.o
    0x0800503c   0x0800503c   0x0000004c   Code   RO         2110    i.sqrt              m_ws.l(sqrt.o)
    0x08005088   0x08005088   0x0000002c   Code   RO         2382    locale$$code        c_w.l(lc_numeric_c.o)
    0x080050b4   0x080050b4   0x0000002c   Code   RO         2413    locale$$code        c_w.l(lc_ctype_c.o)
    0x080050e0   0x080050e0   0x00000062   Code   RO         2055    x$fpl$d2f           fz_ws.l(d2f.o)
    0x08005142   0x08005142   0x00000002   PAD
    0x08005144   0x08005144   0x00000150   Code   RO         2057    x$fpl$dadd          fz_ws.l(daddsub_clz.o)
    0x08005294   0x08005294   0x00000010   Code   RO         2393    x$fpl$dcheck1       fz_ws.l(dcheck1.o)
    0x080052a4   0x080052a4   0x000002b0   Code   RO         2064    x$fpl$ddiv          fz_ws.l(ddiv.o)
    0x08005554   0x08005554   0x0000002e   Code   RO         2068    x$fpl$dflt          fz_ws.l(dflt_clz.o)
    0x08005582   0x08005582   0x00000002   PAD
    0x08005584   0x08005584   0x00000154   Code   RO         2073    x$fpl$dmul          fz_ws.l(dmul.o)
    0x080056d8   0x080056d8   0x0000009c   Code   RO         2276    x$fpl$dnaninf       fz_ws.l(dnaninf.o)
    0x08005774   0x08005774   0x0000000c   Code   RO         2278    x$fpl$dretinf       fz_ws.l(dretinf.o)
    0x08005780   0x08005780   0x00000016   Code   RO         2058    x$fpl$drsb          fz_ws.l(daddsub_clz.o)
    0x08005796   0x08005796   0x00000002   PAD
    0x08005798   0x08005798   0x000001cc   Code   RO         2280    x$fpl$dsqrt         fz_ws.l(dsqrt_noumaal.o)
    0x08005964   0x08005964   0x000001d4   Code   RO         2059    x$fpl$dsub          fz_ws.l(daddsub_clz.o)
    0x08005b38   0x08005b38   0x00000056   Code   RO         2075    x$fpl$f2d           fz_ws.l(f2d.o)
    0x08005b8e   0x08005b8e   0x00000002   PAD
    0x08005b90   0x08005b90   0x000000c4   Code   RO         2077    x$fpl$fadd          fz_ws.l(faddsub_clz.o)
    0x08005c54   0x08005c54   0x00000184   Code   RO         2084    x$fpl$fdiv          fz_ws.l(fdiv.o)
    0x08005dd8   0x08005dd8   0x0000003e   Code   RO         2087    x$fpl$ffixu         fz_ws.l(ffixu.o)
    0x08005e16   0x08005e16   0x00000002   PAD
    0x08005e18   0x08005e18   0x00000030   Code   RO         2092    x$fpl$fflt          fz_ws.l(fflt_clz.o)
    0x08005e48   0x08005e48   0x00000026   Code   RO         2091    x$fpl$ffltu         fz_ws.l(fflt_clz.o)
    0x08005e6e   0x08005e6e   0x0000008c   Code   RO         2282    x$fpl$fnaninf       fz_ws.l(fnaninf.o)
    0x08005efa   0x08005efa   0x0000000a   Code   RO         2284    x$fpl$fretinf       fz_ws.l(fretinf.o)
    0x08005f04   0x08005f04   0x000000ea   Code   RO         2079    x$fpl$fsub          fz_ws.l(faddsub_clz.o)
    0x08005fee   0x08005fee   0x00000004   Code   RO         2097    x$fpl$printf1       fz_ws.l(printf1.o)
    0x08005ff2   0x08005ff2   0x00000064   Code   RO         2433    x$fpl$retnan        fz_ws.l(retnan.o)
    0x08006056   0x08006056   0x0000005c   Code   RO         2286    x$fpl$scalbn        fz_ws.l(scalbn.o)
    0x080060b2   0x080060b2   0x00000030   Code   RO         2463    x$fpl$trapveneer    fz_ws.l(trapv.o)
    0x080060e2   0x080060e2   0x00000000   Code   RO         2288    x$fpl$usenofp       fz_ws.l(usenofp.o)
    0x080060e2   0x080060e2   0x00000011   Data   RO         2028    .constdata          c_w.l(__printf_flags_ss_wp.o)
    0x080060f3   0x080060f3   0x00000005   PAD
    0x080060f8   0x080060f8   0x00000098   Data   RO         2101    .constdata          m_ws.l(atan.o)
    0x08006190   0x08006190   0x00000008   Data   RO         2171    .constdata          c_w.l(_printf_wctomb.o)
    0x08006198   0x08006198   0x00000028   Data   RO         2200    .constdata          c_w.l(_printf_hex_int_ll_ptr.o)
    0x080061c0   0x080061c0   0x00000094   Data   RO         2355    .constdata          c_w.l(bigflt0.o)
    0x08006254   0x08006254   0x00000020   Data   RO         2495    Region$$Table       anon$$obj.o
    0x08006274   0x08006274   0x0000001c   Data   RO         2381    locale$$data        c_w.l(lc_numeric_c.o)
    0x08006290   0x08006290   0x00000110   Data   RO         2412    locale$$data        c_w.l(lc_ctype_c.o)


    Execution Region RW_IRAM1 (Exec base: 0x20000000, Load base: 0x080063a0, Size: 0x00000938, Max: 0x00010000, ABSOLUTE)

    Exec Addr    Load Addr    Size         Type   Attr      Idx    E Section Name        Object

    0x20000000   0x080063a0   0x00000014   Data   RW          308    .data               stm32f10x_rcc.o
    0x20000014   0x080063b4   0x00000004   Data   RW         1140    .data               delay.o
    0x20000018   0x080063b8   0x00000001   Data   RW         1220    .data               beep.o
    0x20000019   0x080063b9   0x00000004   Data   RW         1247    .data               led.o
    0x2000001d   0x080063bd   0x00000001   Data   RW         1287    .data               key.o
    0x2000001e   0x080063be   0x00000002   PAD
    0x20000020   0x080063c0   0x00000008   Data   RW         1320    .data               sht20.o
    0x20000028   0x080063c8   0x00000002   Data   RW         1384    .data               i2c.o
    0x2000002a   0x080063ca   0x00000002   PAD
    0x2000002c   0x080063cc   0x00000004   Data   RW         1662    .data               light.o
    0x20000030   0x080063d0   0x00000004   Data   RW         1888    .data               esp8266.o
    0x20000034        -       0x00000010   Zero   RW         1478    .bss                adxl362.o
    0x20000044        -       0x00000012   Zero   RW         1587    .bss                spi.o
    0x20000056        -       0x00000080   Zero   RW         1887    .bss                esp8266.o
    0x200000d6   0x080063d4   0x00000002   PAD
    0x200000d8        -       0x00000060   Zero   RW         2310    .bss                c_w.l(libspace.o)
    0x20000138        -       0x00000400   Zero   RW          208    HEAP                startup_stm32f10x_hd.o
    0x20000538        -       0x00000400   Zero   RW          207    STACK               startup_stm32f10x_hd.o


==============================================================================

Image component sizes


      Code (inc. data)   RO Data    RW Data    ZI Data      Debug   Object Name

       374         16          0          0          0       3162   adc.o
       742         50          0          0         16      10389   adxl362.o
        96         16          0          1          0       1647   beep.o
         0          0          0          0          0       4540   core_cm3.o
       192         18          0          4          0       1908   delay.o
      1340          4          0          0          0       9516   edpkit.o
       856        308          0          4        128       5319   esp8266.o
       886         94          0          2          0       7136   i2c.o
       432         34          0          1          0       2224   key.o
       280         42          0          4          0       3280   led.o
        84         20          0          4          0       1564   light.o
       344         52          0          0          0       1179   main.o
       132         22          0          0          0     215347   misc.o
      2284        934          0          0          0       5104   onenet.o
       578         34          0          8          0       5908   sht20.o
       308         24          0          0         18       2546   spi.o
        64         26        304          0       2048        832   startup_stm32f10x_hd.o
       522         30          0          0          0       9049   stm32f10x_adc.o
       458          6          0          0          0       5030   stm32f10x_gpio.o
       320        260          0          0          0       4477   stm32f10x_it.o
       340         52          0         20          0       5518   stm32f10x_rcc.o
       112          0          0          0          0       3786   stm32f10x_spi.o
       450          6          0          0          0       6127   stm32f10x_usart.o
       328         28          0          0          0      32005   system_stm32f10x.o
       498         24          0          0          0       4393   usart.o

    ----------------------------------------------------------------------
     12048       2100        336         52       2212     351986   Object Totals
         0          0         32          0          0          0   (incl. Generated)
        28          0          0          4          2          0   (incl. Padding)

    ----------------------------------------------------------------------

      Code (inc. data)   RO Data    RW Data    ZI Data      Debug   Library Member Name

        44          6          0          0          0         84   __2sprintf.o
         8          0          0          0          0         68   __main.o
       392          4         17          0          0         92   __printf_flags_ss_wp.o
        14          0          0          0          0         68   __printf_wp.o
         0          0          0          0          0          0   __rtentry.o
        12          0          0          0          0          0   __rtentry2.o
         6          0          0          0          0          0   __rtentry4.o
        52          8          0          0          0          0   __scatter.o
        26          0          0          0          0          0   __scatter_copy.o
        28          0          0          0          0          0   __scatter_zi.o
        28          0          0          0          0         68   _chval.o
         6          0          0          0          0          0   _printf_a.o
         6          0          0          0          0          0   _printf_c.o
        44          0          0          0          0        108   _printf_char.o
        48          6          0          0          0         96   _printf_char_common.o
        40          0          0          0          0         68   _printf_charcount.o
         6          0          0          0          0          0   _printf_d.o
       120         16          0          0          0         92   _printf_dec.o
         6          0          0          0          0          0   _printf_e.o
         6          0          0          0          0          0   _printf_f.o
      1054          0          0          0          0        216   _printf_fp_dec.o
       128         16          0          0          0         84   _printf_fp_infnan.o
         6          0          0          0          0          0   _printf_g.o
       148          4         40          0          0        160   _printf_hex_int_ll_ptr.o
         6          0          0          0          0          0   _printf_i.o
       178          0          0          0          0         88   _printf_intcommon.o
        10          0          0          0          0          0   _printf_l.o
         6          0          0          0          0          0   _printf_lc.o
        10          0          0          0          0          0   _printf_ll.o
         6          0          0          0          0          0   _printf_lld.o
         6          0          0          0          0          0   _printf_lli.o
         6          0          0          0          0          0   _printf_llo.o
         6          0          0          0          0          0   _printf_llu.o
         6          0          0          0          0          0   _printf_llx.o
       124         16          0          0          0         92   _printf_longlong_dec.o
         6          0          0          0          0          0   _printf_ls.o
         6          0          0          0          0          0   _printf_n.o
         6          0          0          0          0          0   _printf_o.o
       112         10          0          0          0        124   _printf_oct_int_ll.o
         6          0          0          0          0          0   _printf_p.o
        78          0          0          0          0        108   _printf_pad.o
         0          0          0          0          0          0   _printf_percent.o
         4          0          0          0          0          0   _printf_percent_end.o
         6          0          0          0          0          0   _printf_s.o
        82          0          0          0          0         80   _printf_str.o
        36          0          0          0          0         84   _printf_truncate.o
         6          0          0          0          0          0   _printf_u.o
        44          0          0          0          0        108   _printf_wchar.o
       188          6          8          0          0         92   _printf_wctomb.o
         6          0          0          0          0          0   _printf_x.o
        22          0          0          0          0        100   _rserrno.o
        16          0          0          0          0         68   _snputc.o
        10          0          0          0          0         68   _sputc.o
       158          0          0          0          0         92   _strtoul.o
        64          0          0          0          0         92   _wcrtomb.o
        26          0          0          0          0         80   atoi.o
       228          4        148          0          0         96   bigflt0.o
      1936        128          0          0          0        672   btod.o
        52          4          0          0          0         80   c89vsnprintf.o
        10          0          0          0          0         68   defsig_exit.o
        50          0          0          0          0         88   defsig_general.o
        80         58          0          0          0         76   defsig_rtmem_inner.o
        14          0          0          0          0         80   defsig_rtmem_outer.o
        18          0          0          0          0         80   exit.o
        94          0          0          0          0         80   h1_alloc.o
        52          0          0          0          0         68   h1_extend.o
        78          0          0          0          0         80   h1_free.o
        14          0          0          0          0         84   h1_init.o
         6          0          0          0          0        152   heapauxi.o
         4          0          0          0          0        136   hguard.o
         0          0          0          0          0          0   indicate_semi.o
       138          0          0          0          0        168   init_alloc.o
        44         10        272          0          0         76   lc_ctype_c.o
        44         10         28          0          0         76   lc_numeric_c.o
         2          0          0          0          0          0   libinit.o
        38          0          0          0          0          0   libinit2.o
         2          0          0          0          0          0   libshutdown.o
         2          0          0          0          0          0   libshutdown2.o
         8          4          0          0         96         68   libspace.o
       138          0          0          0          0         80   lludiv10.o
         0          0          0          0          0          0   maybetermalloc1.o
        16          4          0          0          0         76   rt_ctype_table.o
         8          4          0          0          0         68   rt_errno_addr_intlibspace.o
         8          4          0          0          0         68   rt_heap_descriptor_intlibspace.o
         8          4          0          0          0         68   rt_locale_intlibspace.o
        68          0          0          0          0         68   rt_memclr.o
        78          0          0          0          0         80   rt_memclr_w.o
       138          0          0          0          0         68   rt_memcpy_v6.o
       100          0          0          0          0         80   rt_memcpy_w.o
         2          0          0          0          0          0   rtexit.o
        10          0          0          0          0          0   rtexit2.o
        24          0          0          0          0         68   strcat.o
        20          0          0          0          0         68   strchr.o
       128          0          0          0          0         68   strcmpv7m.o
        62          0          0          0          0         76   strlen.o
        36          0          0          0          0         76   strncat.o
        36          0          0          0          0         80   strstr.o
       112          0          0          0          0         88   strtol.o
        12          4          0          0          0         68   sys_exit.o
        74          0          0          0          0         80   sys_stackheap_outer.o
        14          0          0          0          0         76   sys_wrch.o
         2          0          0          0          0         68   use_no_semi.o
        98          4          0          0          0         92   d2f.o
       826         16          0          0          0        348   daddsub_clz.o
        16          4          0          0          0         68   dcheck1.o
       688        140          0          0          0        208   ddiv.o
        46          0          0          0          0         68   dflt_clz.o
       340         12          0          0          0        104   dmul.o
       156          4          0          0          0         92   dnaninf.o
        12          0          0          0          0         68   dretinf.o
       460         56          0          0          0        120   dsqrt_noumaal.o
        86          4          0          0          0         84   f2d.o
       430          8          0          0          0        168   faddsub_clz.o
       388         76          0          0          0         96   fdiv.o
        62          4          0          0          0         84   ffixu.o
        86          0          0          0          0        136   fflt_clz.o
       140          4          0          0          0         84   fnaninf.o
        10          0          0          0          0         68   fretinf.o
         4          0          0          0          0         68   printf1.o
       100          0          0          0          0         68   retnan.o
        92          0          0          0          0         68   scalbn.o
        48          0          0          0          0         68   trapv.o
         0          0          0          0          0          0   usenofp.o
       544         70        152          0          0        124   atan.o
        22          6          0          0          0        136   dunder.o
        40          0          0          0          0         68   fpclassify.o
       170          0          0          0          0         96   poly.o
        76          0          0          0          0         84   sqrt.o

    ----------------------------------------------------------------------
     12450        738        670          0         96       8848   Library Totals
        28          0          5          0          0          0   (incl. Padding)

    ----------------------------------------------------------------------

      Code (inc. data)   RO Data    RW Data    ZI Data      Debug   Library Name

      7482        330        513          0         96       6180   c_w.l
      4088        332          0          0          0       2160   fz_ws.l
       852         76        152          0          0        508   m_ws.l

    ----------------------------------------------------------------------
     12450        738        670          0         96       8848   Library Totals

    ----------------------------------------------------------------------

==============================================================================


      Code (inc. data)   RO Data    RW Data    ZI Data      Debug   

     24498       2838       1006         52       2308     349286   Grand Totals
     24498       2838       1006         52       2308     349286   ELF Image Totals
     24498       2838       1006         52          0          0   ROM Totals

==============================================================================

    Total RO  Size (Code + RO Data)                25504 (  24.91kB)
    Total RW  Size (RW Data + ZI Data)              2360 (   2.30kB)
    Total ROM Size (Code + RO Data + RW Data)      25556 (  24.96kB)

==============================================================================

